Component: ARM Compiler 5.06 update 6 (build 750) Tool: armlink [4d35ed]

==============================================================================

Section Cross References

    startup_stm32f407xx.o(RESET) refers to startup_stm32f407xx.o(STACK) for __initial_sp
    startup_stm32f407xx.o(RESET) refers to startup_stm32f407xx.o(.text) for Reset_Handler
    startup_stm32f407xx.o(RESET) refers to stm32f4xx_it.o(i.NMI_Handler) for NMI_Handler
    startup_stm32f407xx.o(RESET) refers to stm32f4xx_it.o(i.HardFault_Handler) for HardFault_Handler
    startup_stm32f407xx.o(RESET) refers to stm32f4xx_it.o(i.MemManage_Handler) for MemManage_Handler
    startup_stm32f407xx.o(RESET) refers to stm32f4xx_it.o(i.BusFault_Handler) for BusFault_Handler
    startup_stm32f407xx.o(RESET) refers to stm32f4xx_it.o(i.UsageFault_Handler) for UsageFault_Handler
    startup_stm32f407xx.o(RESET) refers to port.o(.emb_text) for SVC_Handler
    startup_stm32f407xx.o(RESET) refers to stm32f4xx_it.o(i.DebugMon_Handler) for DebugMon_Handler
    startup_stm32f407xx.o(RESET) refers to stm32f4xx_it.o(i.SysTick_Handler) for SysTick_Handler
    startup_stm32f407xx.o(RESET) refers to can.o(i.CAN1_RX0_IRQHandler) for CAN1_RX0_IRQHandler
    startup_stm32f407xx.o(RESET) refers to rc.o(i.USART2_IRQHandler) for USART2_IRQHandler
    startup_stm32f407xx.o(RESET) refers to tof.o(i.UART4_IRQHandler) for UART4_IRQHandler
    startup_stm32f407xx.o(RESET) refers to can.o(i.CAN2_RX0_IRQHandler) for CAN2_RX0_IRQHandler
    startup_stm32f407xx.o(.text) refers to system_stm32f4xx.o(i.SystemInit) for SystemInit
    startup_stm32f407xx.o(.text) refers to entry.o(.ARM.Collect$$$$00000000) for __main
    stm32f4xx_hal.o(i.HAL_DeInit) refers to stm32f4xx_hal.o(i.HAL_MspDeInit) for HAL_MspDeInit
    stm32f4xx_hal.o(i.HAL_Delay) refers to stm32f4xx_hal.o(i.HAL_GetTick) for HAL_GetTick
    stm32f4xx_hal.o(i.HAL_Delay) refers to stm32f4xx_hal.o(.data) for uwTickFreq
    stm32f4xx_hal.o(i.HAL_GetTick) refers to stm32f4xx_hal.o(.data) for uwTick
    stm32f4xx_hal.o(i.HAL_GetTickFreq) refers to stm32f4xx_hal.o(.data) for uwTickFreq
    stm32f4xx_hal.o(i.HAL_GetTickPrio) refers to stm32f4xx_hal.o(.data) for uwTickPrio
    stm32f4xx_hal.o(i.HAL_IncTick) refers to stm32f4xx_hal.o(.data) for uwTick
    stm32f4xx_hal.o(i.HAL_Init) refers to stm32f4xx_hal_cortex.o(i.HAL_NVIC_SetPriorityGrouping) for HAL_NVIC_SetPriorityGrouping
    stm32f4xx_hal.o(i.HAL_Init) refers to stm32f4xx_hal.o(i.HAL_InitTick) for HAL_InitTick
    stm32f4xx_hal.o(i.HAL_Init) refers to stm32f4xx_hal.o(i.HAL_MspInit) for HAL_MspInit
    stm32f4xx_hal.o(i.HAL_InitTick) refers to stm32f4xx_hal_cortex.o(i.HAL_SYSTICK_Config) for HAL_SYSTICK_Config
    stm32f4xx_hal.o(i.HAL_InitTick) refers to stm32f4xx_hal_cortex.o(i.HAL_NVIC_SetPriority) for HAL_NVIC_SetPriority
    stm32f4xx_hal.o(i.HAL_InitTick) refers to stm32f4xx_hal.o(.data) for uwTickFreq
    stm32f4xx_hal.o(i.HAL_InitTick) refers to system_stm32f4xx.o(.data) for SystemCoreClock
    stm32f4xx_hal.o(i.HAL_SetTickFreq) refers to stm32f4xx_hal.o(i.HAL_InitTick) for HAL_InitTick
    stm32f4xx_hal.o(i.HAL_SetTickFreq) refers to stm32f4xx_hal.o(.data) for uwTickFreq
    stm32f4xx_hal_flash_ex.o(i.FLASH_OB_DisableWRP) refers to stm32f4xx_hal_flash.o(i.FLASH_WaitForLastOperation) for FLASH_WaitForLastOperation
    stm32f4xx_hal_flash_ex.o(i.FLASH_OB_EnableWRP) refers to stm32f4xx_hal_flash.o(i.FLASH_WaitForLastOperation) for FLASH_WaitForLastOperation
    stm32f4xx_hal_flash_ex.o(i.FLASH_OB_RDP_LevelConfig) refers to stm32f4xx_hal_flash.o(i.FLASH_WaitForLastOperation) for FLASH_WaitForLastOperation
    stm32f4xx_hal_flash_ex.o(i.FLASH_OB_UserConfig) refers to stm32f4xx_hal_flash.o(i.FLASH_WaitForLastOperation) for FLASH_WaitForLastOperation
    stm32f4xx_hal_flash_ex.o(i.HAL_FLASHEx_Erase) refers to stm32f4xx_hal_flash.o(i.FLASH_WaitForLastOperation) for FLASH_WaitForLastOperation
    stm32f4xx_hal_flash_ex.o(i.HAL_FLASHEx_Erase) refers to stm32f4xx_hal_flash_ex.o(i.FLASH_MassErase) for FLASH_MassErase
    stm32f4xx_hal_flash_ex.o(i.HAL_FLASHEx_Erase) refers to stm32f4xx_hal_flash_ex.o(i.FLASH_Erase_Sector) for FLASH_Erase_Sector
    stm32f4xx_hal_flash_ex.o(i.HAL_FLASHEx_Erase) refers to stm32f4xx_hal_flash_ex.o(i.FLASH_FlushCaches) for FLASH_FlushCaches
    stm32f4xx_hal_flash_ex.o(i.HAL_FLASHEx_Erase) refers to stm32f4xx_hal_flash.o(.bss) for pFlash
    stm32f4xx_hal_flash_ex.o(i.HAL_FLASHEx_Erase_IT) refers to stm32f4xx_hal_flash_ex.o(i.FLASH_MassErase) for FLASH_MassErase
    stm32f4xx_hal_flash_ex.o(i.HAL_FLASHEx_Erase_IT) refers to stm32f4xx_hal_flash_ex.o(i.FLASH_Erase_Sector) for FLASH_Erase_Sector
    stm32f4xx_hal_flash_ex.o(i.HAL_FLASHEx_Erase_IT) refers to stm32f4xx_hal_flash.o(.bss) for pFlash
    stm32f4xx_hal_flash_ex.o(i.HAL_FLASHEx_OBGetConfig) refers to stm32f4xx_hal_flash_ex.o(i.FLASH_OB_GetWRP) for FLASH_OB_GetWRP
[...]
    .ARM.Collect$$$$00002712                 0x08000198   Section        4  entry2.o(.ARM.Collect$$$$00002712)
    __lit__00000000                          0x08000198   Data           4  entry2.o(.ARM.Collect$$$$00002712)
    .emb_text                                0x0800019c   Section      186  port.o(.emb_text)
    $v0                                      0x0800019c   Number         0  port.o(.emb_text)
    .text                                    0x08000258   Section       36  startup_stm32f407xx.o(.text)
    $v0                                      0x08000258   Number         0  startup_stm32f407xx.o(.text)
    .text                                    0x0800027c   Section        0  uldiv.o(.text)
    .text                                    0x080002de   Section        0  memseta.o(.text)
    .text                                    0x08000302   Section        0  dadd.o(.text)
    .text                                    0x08000450   Section        0  dmul.o(.text)
    .text                                    0x08000534   Section        0  dflti.o(.text)
    .text                                    0x08000556   Section        0  f2d.o(.text)
    .text                                    0x0800057c   Section        0  d2f.o(.text)
    .text                                    0x080005b4   Section        0  llshl.o(.text)
    .text                                    0x080005d2   Section        0  llushr.o(.text)
    .text                                    0x080005f2   Section        0  llsshr.o(.text)
    .text                                    0x08000616   Section        0  iusefp.o(.text)
    .text                                    0x08000616   Section        0  fepilogue.o(.text)
    .text                                    0x08000684   Section        0  depilogue.o(.text)
    .text                                    0x08000740   Section       36  init.o(.text)
    i.BSP_init                               0x08000764   Section        0  main.o(i.BSP_init)
    i.BusFault_Handler                       0x08000790   Section        0  stm32f4xx_it.o(i.BusFault_Handler)
    i.CAN1_Init                              0x08000794   Section        0  can.o(i.CAN1_Init)
    i.CAN1_RX0_IRQHandler                    0x08000804   Section        0  can.o(i.CAN1_RX0_IRQHandler)
    i.CAN2_Init                              0x08000814   Section        0  can.o(i.CAN2_Init)
    i.CAN2_RX0_IRQHandler                    0x08000888   Section        0  can.o(i.CAN2_RX0_IRQHandler)
    i.CAN_CMD_CHASSIS                        0x08000898   Section        0  can_receive.o(i.CAN_CMD_CHASSIS)
    i.CAN_CMD_LIFT                           0x080008f8   Section        0  can_receive.o(i.CAN_CMD_LIFT)
    i.CHISSIS_PID_Init                       0x08000958   Section        0  chassis_task.o(i.CHISSIS_PID_Init)
    i.DMA_CalcBaseAndBitshift                0x08000980   Section        0  stm32f4xx_hal_dma.o(i.DMA_CalcBaseAndBitshift)
    DMA_CalcBaseAndBitshift                  0x08000981   Thumb Code    46  stm32f4xx_hal_dma.o(i.DMA_CalcBaseAndBitshift)
    i.DMA_CheckFifoParam                     0x080009b4   Section        0  stm32f4xx_hal_dma.o(i.DMA_CheckFifoParam)
    DMA_CheckFifoParam                       0x080009b5   Thumb Code   170  stm32f4xx_hal_dma.o(i.DMA_CheckFifoParam)
    i.DMA_SetConfig                          0x08000a5e   Section        0  stm32f4xx_hal_dma.o(i.DMA_SetConfig)
    DMA_SetConfig                            0x08000a5f   Thumb Code    44  stm32f4xx_hal_dma.o(i.DMA_SetConfig)
    i.DebugMon_Handler                       0x08000a8a   Section        0  stm32f4xx_it.o(i.DebugMon_Handler)
    i.GREEN_LED                              0x08000a8c   Section        0  led.o(i.GREEN_LED)
    i.HAL_CAN_ActivateNotification           0x08000a98   Section        0  stm32f4xx_hal_can.o(i.HAL_CAN_ActivateNotification)
    i.HAL_CAN_AddTxMessage                   0x08000ac4   Section        0  stm32f4xx_hal_can.o(i.HAL_CAN_AddTxMessage)
    i.HAL_CAN_ConfigFilter                   0x08000bf0   Section        0  stm32f4xx_hal_can.o(i.HAL_CAN_ConfigFilter)
    i.HAL_CAN_ErrorCallback                  0x08000d14   Section        0  stm32f4xx_hal_can.o(i.HAL_CAN_ErrorCallback)
    i.HAL_CAN_GetRxMessage                   0x08000d16   Section        0  stm32f4xx_hal_can.o(i.HAL_CAN_GetRxMessage)
    i.HAL_CAN_IRQHandler                     0x08000e9e   Section        0  stm32f4xx_hal_can.o(i.HAL_CAN_IRQHandler)
    i.HAL_CAN_Init                           0x080010ec   Section        0  stm32f4xx_hal_can.o(i.HAL_CAN_Init)
    i.HAL_CAN_MspInit                        0x08001264   Section        0  can.o(i.HAL_CAN_MspInit)
    i.HAL_CAN_RxFifo0FullCallback            0x08001378   Section        0  stm32f4xx_hal_can.o(i.HAL_CAN_RxFifo0FullCallback)
    i.HAL_CAN_RxFifo0MsgPendingCallback      0x0800137c   Section        0  can_receive.o(i.HAL_CAN_RxFifo0MsgPendingCallback)
    i.HAL_CAN_RxFifo1FullCallback            0x080015a8   Section        0  stm32f4xx_hal_can.o(i.HAL_CAN_RxFifo1FullCallback)
    i.HAL_CAN_RxFifo1MsgPendingCallback      0x080015aa   Section        0  stm32f4xx_hal_can.o(i.HAL_CAN_RxFifo1MsgPendingCallback)
    i.HAL_CAN_SleepCallback                  0x080015ac   Section        0  stm32f4xx_hal_can.o(i.HAL_CAN_SleepCallback)
    i.HAL_CAN_Start                          0x080015ae   Section        0  stm32f4xx_hal_can.o(i.HAL_CAN_Start)
    i.HAL_CAN_TxMailbox0AbortCallback        0x0800160e   Section        0  stm32f4xx_hal_can.o(i.HAL_CAN_TxMailbox0AbortCallback)
    i.HAL_CAN_TxMailbox0CompleteCallback     0x08001610   Section        0  stm32f4xx_hal_can.o(i.HAL_CAN_TxMailbox0CompleteCallback)
    i.HAL_CAN_TxMailbox1AbortCallback        0x08001612   Section        0  stm32f4xx_hal_can.o(i.HAL_CAN_TxMailbox1AbortCallback)
    i.HAL_CAN_TxMailbox1CompleteCallback     0x08001614   Section        0  stm32f4xx_hal_can.o(i.HAL_CAN_TxMailbox1CompleteCallback)
    i.HAL_CAN_TxMailbox2AbortCallback        0x08001616   Section        0  stm32f4xx_hal_can.o(i.HAL_CAN_TxMailbox2AbortCallback)
    i.HAL_CAN_TxMailbox2CompleteCallback     0x08001618   Section        0  stm32f4xx_hal_can.o(i.HAL_CAN_TxMailbox2CompleteCallback)
    i.HAL_CAN_WakeUpFromRxMsgCallback        0x0800161a   Section        0  stm32f4xx_hal_can.o(i.HAL_CAN_WakeUpFromRxMsgCallback)
    i.HAL_DMA_Init                           0x0800161c   Section        0  stm32f4xx_hal_dma.o(i.HAL_DMA_Init)
    i.HAL_DMA_Start_IT                       0x08001708   Section        0  stm32f4xx_hal_dma.o(i.HAL_DMA_Start_IT)
    i.HAL_Delay                              0x080017a8   Section        0  stm32f4xx_hal.o(i.HAL_Delay)
    i.HAL_GPIO_Init                          0x080017d0   Section        0  stm32f4xx_hal_gpio.o(i.HAL_GPIO_Init)
    i.HAL_GPIO_ReadPin                       0x080019d0   Section        0  stm32f4xx_hal_gpio.o(i.HAL_GPIO_ReadPin)
    i.HAL_GPIO_WritePin                      0x080019e0   Section        0  stm32f4xx_hal_gpio.o(i.HAL_GPIO_WritePin)
    i.HAL_GetTick                            0x080019ec   Section        0  stm32f4xx_hal.o(i.HAL_GetTick)
    i.HAL_IncTick                            0x080019f8   Section        0  stm32f4xx_hal.o(i.HAL_IncTick)
    i.HAL_Init                               0x08001a10   Section        0  stm32f4xx_hal.o(i.HAL_Init)
    i.HAL_InitTick                           0x08001a4c   Section        0  stm32f4xx_hal.o(i.HAL_InitTick)
    i.HAL_MspInit                            0x08001a98   Section        0  stm32f4xx_hal.o(i.HAL_MspInit)
    i.HAL_NVIC_EnableIRQ                     0x08001a9a   Section        0  stm32f4xx_hal_cortex.o(i.HAL_NVIC_EnableIRQ)
    i.HAL_NVIC_SetPriority                   0x08001ab4   Section        0  stm32f4xx_hal_cortex.o(i.HAL_NVIC_SetPriority)
    i.HAL_NVIC_SetPriorityGrouping           0x08001b30   Section        0  stm32f4xx_hal_cortex.o(i.HAL_NVIC_SetPriorityGrouping)
    i.HAL_RCC_ClockConfig                    0x08001b58   Section        0  stm32f4xx_hal_rcc.o(i.HAL_RCC_ClockConfig)
    i.HAL_RCC_GetHCLKFreq                    0x08001cd8   Section        0  stm32f4xx_hal_rcc.o(i.HAL_RCC_GetHCLKFreq)
    i.HAL_RCC_GetPCLK1Freq                   0x08001ce4   Section        0  stm32f4xx_hal_rcc.o(i.HAL_RCC_GetPCLK1Freq)
    i.HAL_RCC_GetPCLK2Freq                   0x08001d04   Section        0  stm32f4xx_hal_rcc.o(i.HAL_RCC_GetPCLK2Freq)
    i.HAL_RCC_GetSysClockFreq                0x08001d24   Section        0  stm32f4xx_hal_rcc.o(i.HAL_RCC_GetSysClockFreq)
    i.HAL_RCC_OscConfig                      0x08001dd4   Section        0  stm32f4xx_hal_rcc.o(i.HAL_RCC_OscConfig)
    i.HAL_SYSTICK_CLKSourceConfig            0x0800221c   Section        0  stm32f4xx_hal_cortex.o(i.HAL_SYSTICK_CLKSourceConfig)
    i.HAL_SYSTICK_Config                     0x08002244   Section        0  stm32f4xx_hal_cortex.o(i.HAL_SYSTICK_Config)
    i.HAL_TIM_PWM_ConfigChannel              0x08002278   Section        0  stm32f4xx_hal_tim.o(i.HAL_TIM_PWM_ConfigChannel)
    i.HAL_TIM_PWM_Init                       0x08002380   Section        0  stm32f4xx_hal_tim.o(i.HAL_TIM_PWM_Init)
    i.HAL_TIM_PWM_MspInit                    0x080023b4   Section        0  led.o(i.HAL_TIM_PWM_MspInit)
    i.HAL_TIM_PWM_Start                      0x080024a4   Section        0  stm32f4xx_hal_tim.o(i.HAL_TIM_PWM_Start)
    i.HAL_UART_ErrorCallback                 0x080024f0   Section        0  stm32f4xx_hal_uart.o(i.HAL_UART_ErrorCallback)
    i.HAL_UART_Init                          0x080024f2   Section        0  stm32f4xx_hal_uart.o(i.HAL_UART_Init)
    i.HAL_UART_MspInit                       0x08002564   Section        0  usart1.o(i.HAL_UART_MspInit)
    i.HAL_UART_Receive_DMA                   0x080027a0   Section        0  stm32f4xx_hal_uart.o(i.HAL_UART_Receive_DMA)
    i.HAL_UART_RxCpltCallback                0x08002864   Section        0  stm32f4xx_hal_uart.o(i.HAL_UART_RxCpltCallback)
    i.HAL_UART_RxHalfCpltCallback            0x08002866   Section        0  stm32f4xx_hal_uart.o(i.HAL_UART_RxHalfCpltCallback)
    i.HardFault_Handler                      0x08002868   Section        0  stm32f4xx_it.o(i.HardFault_Handler)
    i.LED_Init                               0x0800286c   Section        0  led.o(i.LED_Init)
    i.MemManage_Handler                      0x080028c4   Section        0  stm32f4xx_it.o(i.MemManage_Handler)
    i.NMI_Handler                            0x080028c8   Section        0  stm32f4xx_it.o(i.NMI_Handler)
    i.NVIC_GetPriorityGrouping               0x080028cc   Section        0  stm32f4xx_hal_cortex.o(i.NVIC_GetPriorityGrouping)
    NVIC_GetPriorityGrouping                 0x080028cd   Thumb Code    10  stm32f4xx_hal_cortex.o(i.NVIC_GetPriorityGrouping)
    i.NVIC_SetPriority                       0x080028dc   Section        0  stm32f4xx_hal_cortex.o(i.NVIC_SetPriority)
    NVIC_SetPriority                         0x080028dd   Thumb Code    32  stm32f4xx_hal_cortex.o(i.NVIC_SetPriority)
    i.PID_Calc                               0x08002904   Section        0  pid.o(i.PID_Calc)
    i.PID_Init                               0x08002b08   Section        0  pid.o(i.PID_Init)
    i.Put_Out_Init                           0x08002b68   Section        0  put_out.o(i.Put_Out_Init)
    i.RED_LED                                0x08002c30   Section        0  led.o(i.RED_LED)
    i.SBUS_TO_RC                             0x08002c3c   Section        0  rc.o(i.SBUS_TO_RC)
    i.SysTick_Handler                        0x08002d82   Section        0  stm32f4xx_it.o(i.SysTick_Handler)
    i.SystemClock_Config                     0x08002d90   Section        0  main.o(i.SystemClock_Config)
    i.SystemInit                             0x08002e70   Section        0  system_stm32f4xx.o(i.SystemInit)
    i.TIM4_Init                              0x08002ed4   Section        0  led.o(i.TIM4_Init)
    i.TIM_Base_SetConfig                     0x08002f24   Section        0  stm32f4xx_hal_tim.o(i.TIM_Base_SetConfig)
    i.TIM_CCxChannelCmd                      0x08003008   Section        0  stm32f4xx_hal_tim.o(i.TIM_CCxChannelCmd)
    i.TIM_OC1_SetConfig                      0x08003024   Section        0  stm32f4xx_hal_tim.o(i.TIM_OC1_SetConfig)
    TIM_OC1_SetConfig                        0x08003025   Thumb Code   102  stm32f4xx_hal_tim.o(i.TIM_OC1_SetConfig)
    i.TIM_OC2_SetConfig                      0x08003094   Section        0  stm32f4xx_hal_tim.o(i.TIM_OC2_SetConfig)
    i.TIM_OC3_SetConfig                      0x0800310c   Section        0  stm32f4xx_hal_tim.o(i.TIM_OC3_SetConfig)
    TIM_OC3_SetConfig                        0x0800310d   Thumb Code   110  stm32f4xx_hal_tim.o(i.TIM_OC3_SetConfig)
    i.TIM_OC4_SetConfig                      0x08003184   Section        0  stm32f4xx_hal_tim.o(i.TIM_OC4_SetConfig)
    TIM_OC4_SetConfig                        0x08003185   Thumb Code    88  stm32f4xx_hal_tim.o(i.TIM_OC4_SetConfig)
    i.Tof_Init                               0x080031e4   Section        0  tof.o(i.Tof_Init)
    i.UART4_IRQHandler                       0x08003254   Section        0  tof.o(i.UART4_IRQHandler)
    i.UART_DMAError                          0x08003358   Section        0  stm32f4xx_hal_uart.o(i.UART_DMAError)
    UART_DMAError                            0x08003359   Thumb Code    80  stm32f4xx_hal_uart.o(i.UART_DMAError)
    i.UART_DMAReceiveCplt                    0x080033a8   Section        0  stm32f4xx_hal_uart.o(i.UART_DMAReceiveCplt)
    UART_DMAReceiveCplt                      0x080033a9   Thumb Code    70  stm32f4xx_hal_uart.o(i.UART_DMAReceiveCplt)
    i.UART_DMARxHalfCplt                     0x080033ee   Section        0  stm32f4xx_hal_uart.o(i.UART_DMARxHalfCplt)
    UART_DMARxHalfCplt                       0x080033ef   Thumb Code    14  stm32f4xx_hal_uart.o(i.UART_DMARxHalfCplt)
    i.UART_EndRxTransfer                     0x080033fc   Section        0  stm32f4xx_hal_uart.o(i.UART_EndRxTransfer)
    UART_EndRxTransfer                       0x080033fd   Thumb Code    32  stm32f4xx_hal_uart.o(i.UART_EndRxTransfer)
    i.UART_EndTxTransfer                     0x0800341c   Section        0  stm32f4xx_hal_uart.o(i.UART_EndTxTransfer)
    UART_EndTxTransfer                       0x0800341d   Thumb Code    20  stm32f4xx_hal_uart.o(i.UART_EndTxTransfer)
    i.UART_SetConfig                         0x08003430   Section        0  stm32f4xx_hal_uart.o(i.UART_SetConfig)
    UART_SetConfig                           0x08003431   Thumb Code   864  stm32f4xx_hal_uart.o(i.UART_SetConfig)
    i.USART1_Init                            0x08003798   Section        0  usart1.o(i.USART1_Init)
    i.USART2_IRQHandler                      0x080037c8   Section        0  rc.o(i.USART2_IRQHandler)
    i.USART2_Init                            0x0800388c   Section        0  rc.o(i.USART2_Init)
    i.UsageFault_Handler                     0x08003900   Section        0  stm32f4xx_it.o(i.UsageFault_Handler)
    i.UserTask                               0x08003904   Section        0  user_task.o(i.UserTask)
    i._Error_Handler                         0x08003944   Section        0  main.o(i._Error_Handler)
    i.__scatterload_copy                     0x08003948   Section       14  handlers.o(i.__scatterload_copy)
    i.__scatterload_null                     0x08003956   Section        2  handlers.o(i.__scatterload_null)
    i.__scatterload_zeroinit                 0x08003958   Section       14  handlers.o(i.__scatterload_zeroinit)
    i.chassis_control_loop                   0x08003968   Section        0  chassis_task.o(i.chassis_control_loop)
    i.chassis_feedback_update                0x08003e40   Section        0  chassis_task.o(i.chassis_feedback_update)
    i.chassis_init                           0x08003ef8   Section        0  chassis_task.o(i.chassis_init)
    i.chassis_task                           0x08003fe8   Section        0  chassis_task.o(i.chassis_task)
    i.get_GYRO_Measure_Point                 0x08004034   Section        0  can_receive.o(i.get_GYRO_Measure_Point)
    i.get_Motor_Measure_Point                0x0800403c   Section        0  can_receive.o(i.get_Motor_Measure_Point)
    i.get_chassis_state                      0x08004054   Section        0  chassis_task.o(i.get_chassis_state)
    i.get_motor_measuer                      0x08004060   Section        0  can_receive.o(i.get_motor_measuer)
    i.get_remote_control_point               0x08004198   Section        0  rc.o(i.get_remote_control_point)
    i.get_tof_Info_Measure_Point             0x080041a0   Section        0  tof.o(i.get_tof_Info_Measure_Point)
    i.lift_control_loop                      0x080041a8   Section        0  lift_task.o(i.lift_control_loop)
    i.lift_feedback_update                   0x08004360   Section        0  lift_task.o(i.lift_feedback_update)
    i.lift_init                              0x08004414   Section        0  lift_task.o(i.lift_init)
    i.lift_task                              0x080044a4   Section        0  lift_task.o(i.lift_task)
    i.lift_wheel_control_loop                0x08004504   Section        0  lift_wheel.o(i.lift_wheel_control_loop)
    i.lift_wheel_feedback_update             0x08004628   Section        0  lift_wheel.o(i.lift_wheel_feedback_update)
    i.lift_wheel_init                        0x08004658   Section        0  lift_wheel.o(i.lift_wheel_init)
    i.main                                   0x080046b4   Section        0  main.o(i.main)
    i.osSystickHandler                       0x080046cc   Section        0  cmsis_os.o(i.osSystickHandler)
    i.prvAddCurrentTaskToDelayedList         0x080046dc   Section        0  tasks.o(i.prvAddCurrentTaskToDelayedList)
    prvAddCurrentTaskToDelayedList           0x080046dd   Thumb Code   124  tasks.o(i.prvAddCurrentTaskToDelayedList)
    i.prvAddNewTaskToReadyList               0x08004774   Section        0  tasks.o(i.prvAddNewTaskToReadyList)
    prvAddNewTaskToReadyList                 0x08004775   Thumb Code   150  tasks.o(i.prvAddNewTaskToReadyList)
    i.prvCheckTasksWaitingTermination        0x08004828   Section        0  tasks.o(i.prvCheckTasksWaitingTermination)
    prvCheckTasksWaitingTermination          0x08004829   Thumb Code    86  tasks.o(i.prvCheckTasksWaitingTermination)
    i.prvDeleteTCB                           0x0800488c   Section        0  tasks.o(i.prvDeleteTCB)
    prvDeleteTCB                             0x0800488d   Thumb Code    18  tasks.o(i.prvDeleteTCB)
    i.prvHeapInit                            0x080048a0   Section        0  heap_4.o(i.prvHeapInit)
    prvHeapInit                              0x080048a1   Thumb Code    98  heap_4.o(i.prvHeapInit)
    i.prvIdleTask                            0x0800491c   Section        0  tasks.o(i.prvIdleTask)
    prvIdleTask                              0x0800491d   Thumb Code    32  tasks.o(i.prvIdleTask)
    i.prvInitialiseNewTask                   0x08004944   Section        0  tasks.o(i.prvInitialiseNewTask)
    prvInitialiseNewTask                     0x08004945   Thumb Code   180  tasks.o(i.prvInitialiseNewTask)
    i.prvInitialiseTaskLists                 0x080049f8   Section        0  tasks.o(i.prvInitialiseTaskLists)
    prvInitialiseTaskLists                   0x080049f9   Thumb Code    70  tasks.o(i.prvInitialiseTaskLists)
    i.prvInsertBlockIntoFreeList             0x08004a60   Section        0  heap_4.o(i.prvInsertBlockIntoFreeList)
    prvInsertBlockIntoFreeList               0x08004a61   Thumb Code    96  heap_4.o(i.prvInsertBlockIntoFreeList)
    i.prvResetNextTaskUnblockTime            0x08004ac8   Section        0  tasks.o(i.prvResetNextTaskUnblockTime)
    prvResetNextTaskUnblockTime              0x08004ac9   Thumb Code    42  tasks.o(i.prvResetNextTaskUnblockTime)
    i.prvTaskCheckFreeStackSpace             0x08004afc   Section        0  tasks.o(i.prvTaskCheckFreeStackSpace)
    prvTaskCheckFreeStackSpace               0x08004afd   Thumb Code    22  tasks.o(i.prvTaskCheckFreeStackSpace)
    i.prvTaskExitError                       0x08004b14   Section        0  port.o(i.prvTaskExitError)
    prvTaskExitError                         0x08004b15   Thumb Code    60  port.o(i.prvTaskExitError)
    i.pvPortMalloc                           0x08004b54   Section        0  heap_4.o(i.pvPortMalloc)
    i.pxPortInitialiseStack                  0x08004c90   Section        0  port.o(i.pxPortInitialiseStack)
    i.ramp_calc                              0x08004cbc   Section        0  ramp.o(i.ramp_calc)
    i.ramp_init                              0x08004d04   Section        0  ramp.o(i.ramp_init)
    i.startTast                              0x08004d0c   Section        0  start_task.o(i.startTast)
    i.start_task                             0x08004d38   Section        0  start_task.o(i.start_task)
    i.uxListRemove                           0x08004dd0   Section        0  list.o(i.uxListRemove)
    i.uxTaskGetStackHighWaterMark            0x08004df8   Section        0  tasks.o(i.uxTaskGetStackHighWaterMark)
    i.vListInitialise                        0x08004e20   Section        0  list.o(i.vListInitialise)
    i.vListInitialiseItem                    0x08004e3a   Section        0  list.o(i.vListInitialiseItem)
    i.vListInsert                            0x08004e40   Section        0  list.o(i.vListInsert)
    i.vListInsertEnd                         0x08004e74   Section        0  list.o(i.vListInsertEnd)
    i.vPortEnterCritical                     0x08004e8c   Section        0  port.o(i.vPortEnterCritical)
    i.vPortExitCritical                      0x08004ee0   Section        0  port.o(i.vPortExitCritical)
    i.vPortFree                              0x08004f1c   Section        0  heap_4.o(i.vPortFree)
    i.vPortSetupTimerInterrupt               0x08004fb0   Section        0  port.o(i.vPortSetupTimerInterrupt)
    i.vPortValidateInterruptPriority         0x08004fd0   Section        0  port.o(i.vPortValidateInterruptPriority)
    i.vTaskDelay                             0x08005048   Section        0  tasks.o(i.vTaskDelay)
    i.vTaskDelete                            0x080050a4   Section        0  tasks.o(i.vTaskDelete)
    i.vTaskStartScheduler                    0x08005198   Section        0  tasks.o(i.vTaskStartScheduler)
    i.vTaskSuspendAll                        0x08005220   Section        0  tasks.o(i.vTaskSuspendAll)
    i.vTaskSwitchContext                     0x08005230   Section        0  tasks.o(i.vTaskSwitchContext)
    i.xPortStartScheduler                    0x080052bc   Section        0  port.o(i.xPortStartScheduler)
    i.xPortSysTickHandler                    0x080053f8   Section        0  port.o(i.xPortSysTickHandler)
    i.xTaskCreate                            0x0800542c   Section        0  tasks.o(i.xTaskCreate)
    i.xTaskGetSchedulerState                 0x0800548c   Section        0  tasks.o(i.xTaskGetSchedulerState)
    i.xTaskGetTickCount                      0x080054ac   Section        0  tasks.o(i.xTaskGetTickCount)
    i.xTaskGetTickCountFromISR               0x080054b8   Section        0  tasks.o(i.xTaskGetTickCountFromISR)
    i.xTaskIncrementTick                     0x080054cc   Section        0  tasks.o(i.xTaskIncrementTick)
    i.xTaskResumeAll                         0x08005614   Section        0  tasks.o(i.xTaskResumeAll)
    .constdata                               0x08005718   Section        8  stm32f4xx_hal_dma.o(.constdata)
    flagBitshiftOffset                       0x08005718   Data           8  stm32f4xx_hal_dma.o(.constdata)
    .constdata                               0x08005720   Section       24  system_stm32f4xx.o(.constdata)
    .constdata                               0x08005738   Section       24  chassis_task.o(.constdata)
    motor_speed_pid                          0x08005738   Data          12  chassis_task.o(.constdata)
    motor_pos_pid                            0x08005744   Data          12  chassis_task.o(.constdata)
    .constdata                               0x08005750   Section       12  lift_wheel.o(.constdata)
    motor_speed_pid                          0x08005750   Data          12  lift_wheel.o(.constdata)
    .constdata                               0x0800575c   Section       24  lift_task.o(.constdata)
    lift_speed_pid                           0x0800575c   Data          12  lift_task.o(.constdata)
    lift_pos_pid                             0x08005768   Data          12  lift_task.o(.constdata)
    .data                                    0x20000000   Section        9  stm32f4xx_hal.o(.data)
    .data                                    0x2000000c   Section        4  system_stm32f4xx.o(.data)
    .data                                    0x20000010   Section       24  heap_4.o(.data)
    xStart                                   0x20000010   Data           8  heap_4.o(.data)
    pxEnd                                    0x20000018   Data           4  heap_4.o(.data)
    xFreeBytesRemaining                      0x2000001c   Data           4  heap_4.o(.data)
    xMinimumEverFreeBytesRemaining           0x20000020   Data           4  heap_4.o(.data)
    xBlockAllocatedBit                       0x20000024   Data           4  heap_4.o(.data)
    .data                                    0x20000028   Section       12  port.o(.data)
    uxCriticalNesting                        0x20000028   Data           4  port.o(.data)
    ucMaxSysCallPriority                     0x2000002c   Data           1  port.o(.data)
    ulMaxPRIGROUPValue                       0x20000030   Data           4  port.o(.data)
    .data                                    0x20000034   Section       60  tasks.o(.data)
    pxDelayedTaskList                        0x20000038   Data           4  tasks.o(.data)
    pxOverflowDelayedTaskList                0x2000003c   Data           4  tasks.o(.data)
    uxDeletedTasksWaitingCleanUp             0x20000040   Data           4  tasks.o(.data)
    uxCurrentNumberOfTasks                   0x20000044   Data           4  tasks.o(.data)
    xTickCount                               0x20000048   Data           4  tasks.o(.data)
    uxTopReadyPriority                       0x2000004c   Data           4  tasks.o(.data)
    xSchedulerRunning                        0x20000050   Data           4  tasks.o(.data)
    uxPendedTicks                            0x20000054   Data           4  tasks.o(.data)
    xYieldPending                            0x20000058   Data           4  tasks.o(.data)
    xNumOfOverflows                          0x2000005c   Data           4  tasks.o(.data)
    uxTaskNumber                             0x20000060   Data           4  tasks.o(.data)
    xNextTaskUnblockTime                     0x20000064   Data           4  tasks.o(.data)
    xIdleTaskHandle                          0x20000068   Data           4  tasks.o(.data)
    uxSchedulerSuspended                     0x2000006c   Data           4  tasks.o(.data)
    .data                                    0x20000070   Section       12  tof.o(.data)
    tof_data                                 0x20000070   Data           8  tof.o(.data)
    xiuer_r                                  0x20000078   Data           4  tof.o(.data)
    .data                                    0x2000007c   Section        4  user_task.o(.data)
    .data                                    0x20000080   Section       16  start_task.o(.data)
    StartTask_Handler                        0x20000080   Data           4  start_task.o(.data)
    UserTask_Handler                         0x20000084   Data           4  start_task.o(.data)
    liftTask_Handler                         0x20000088   Data           4  start_task.o(.data)
    .data                                    0x20000090   Section       16  can_receive.o(.data)
    i                                        0x20000090   Data           1  can_receive.o(.data)
    pitch_connt                              0x20000092   Data           2  can_receive.o(.data)
    raw_pit                                  0x20000094   Data           2  can_receive.o(.data)
    raw_v_z                                  0x20000096   Data           2  can_receive.o(.data)
    pitch_angle                              0x20000098   Data           4  can_receive.o(.data)
    last_pitch_angle                         0x2000009c   Data           4  can_receive.o(.data)
    .data                                    0x200000a0   Section       48  chassis_task.o(.data)
    FBSpeedRamp                              0x200000a0   Data          20  chassis_task.o(.data)
    LRSpeedRamp                              0x200000b4   Data          20  chassis_task.o(.data)
    chassis_mode                             0x200000c8   Data           1  chassis_task.o(.data)
    .data                                    0x200000d0   Section       32  lift_wheel.o(.data)
    LFSpeedRamp                              0x200000d0   Data          20  lift_wheel.o(.data)
    lift_wheel_system_time                   0x200000ec   Data           4  lift_wheel.o(.data)
    .data                                    0x200000f0   Section       12  lift_task.o(.data)
    pinch_height                             0x200000f8   Data           4  lift_task.o(.data)
    .bss                                     0x200000fc   Section    40960  heap_4.o(.bss)
    ucHeap                                   0x200000fc   Data       40960  heap_4.o(.bss)
    .bss                                     0x2000a0fc   Section      740  tasks.o(.bss)
    pxReadyTasksLists                        0x2000a0fc   Data         640  tasks.o(.bss)
    xDelayedTaskList1                        0x2000a37c   Data          20  tasks.o(.bss)
    xDelayedTaskList2                        0x2000a390   Data          20  tasks.o(.bss)
    xPendingReadyList                        0x2000a3a4   Data          20  tasks.o(.bss)
    xTasksWaitingTermination                 0x2000a3b8   Data          20  tasks.o(.bss)
    xSuspendedTaskList                       0x2000a3cc   Data          20  tasks.o(.bss)
    .bss                                     0x2000a3e0   Section       80  can.o(.bss)
    .bss                                     0x2000a430   Section      256  usart1.o(.bss)
    .bss                                     0x2000a530   Section      162  rc.o(.bss)
    rc_ctrl                                  0x2000a570   Data          26  rc.o(.bss)
    SBUS_rx_buf                              0x2000a58a   Data          72  rc.o(.bss)
    .bss                                     0x2000a5d4   Section      192  tof.o(.bss)
    Tof_1_data                               0x2000a614   Data         128  tof.o(.bss)
    .bss                                     0x2000a694   Section      592  can_receive.o(.bss)
    gyro_info                                0x2000a694   Data          16  can_receive.o(.bss)
    motor_chassis                            0x2000a6a4   Data         576  can_receive.o(.bss)
    .bss                                     0x2000a8e4   Section      912  chassis_task.o(.bss)
    .bss                                     0x2000ac74   Section     1264  lift_task.o(.bss)
    STACK                                    0x2000b168   Section     1024  startup_stm32f407xx.o(STACK)

    Global Symbols

    Symbol Name                              Value     Ov Type        Size  Object(Section)

    BuildAttributes$$THM_ISAv4$E$P$D$K$B$S$7EM$VFPi3$EXTD16$VFPS$VFMA$PE$A:L22UL41UL21$X:L11$S22US41US21$IEEE1$IW$USESV6$~STKCKD$USESV7$~SHL$OTIME$ROPI$EBA8$MICROLIB$REQ8$PRES8$EABIv2 0x00000000   Number         0  anon$$obj.o ABSOLUTE
    __ARM_use_no_argv                        0x00000000   Number         0  main.o ABSOLUTE
    __use_no_errno                           0x00000000   Number         0  useno.o ABSOLUTE
    __use_no_exception_handling              0x00000000   Number         0  useno.o ABSOLUTE
    __use_no_fp                              0x00000000   Number         0  useno.o ABSOLUTE
    __use_no_heap                            0x00000000   Number         0  useno.o ABSOLUTE
    __use_no_heap_region                     0x00000000   Number         0  useno.o ABSOLUTE
    __use_no_semihosting                     0x00000000   Number         0  useno.o ABSOLUTE
    __use_no_semihosting_swi                 0x00000000   Number         0  useno.o ABSOLUTE
    __use_no_signal_handling                 0x00000000   Number         0  useno.o ABSOLUTE
    __cpp_initialize__aeabi_                  - Undefined Weak Reference
    __cxa_finalize                            - Undefined Weak Reference
    __decompress                              - Undefined Weak Reference
    _clock_init                               - Undefined Weak Reference
    _microlib_exit                            - Undefined Weak Reference
    __Vectors_Size                           0x00000188   Number         0  startup_stm32f407xx.o ABSOLUTE
    __Vectors                                0x08000000   Data           4  startup_stm32f407xx.o(RESET)
    __Vectors_End                            0x08000188   Data           0  startup_stm32f407xx.o(RESET)
    __main                                   0x08000189   Thumb Code     0  entry.o(.ARM.Collect$$$$00000000)
    _main_stk                                0x08000189   Thumb Code     0  entry2.o(.ARM.Collect$$$$00000001)
    _main_scatterload                        0x0800018d   Thumb Code     0  entry5.o(.ARM.Collect$$$$00000004)
    __main_after_scatterload                 0x08000191   Thumb Code     0  entry5.o(.ARM.Collect$$$$00000004)
    _main_clock                              0x08000191   Thumb Code     0  entry7b.o(.ARM.Collect$$$$00000008)
    _main_cpp_init                           0x08000191   Thumb Code     0  entry8b.o(.ARM.Collect$$$$0000000A)
    _main_init                               0x08000191   Thumb Code     0  entry9a.o(.ARM.Collect$$$$0000000B)
    __rt_final_cpp                           0x08000199   Thumb Code     0  entry10a.o(.ARM.Collect$$$$0000000D)
    __rt_final_exit                          0x08000199   Thumb Code     0  entry11a.o(.ARM.Collect$$$$0000000F)
    SVC_Handler                              0x0800019d   Thumb Code    28  port.o(.emb_text)
    __asm___6_port_c_39a90d8d__prvStartFirstTask 0x080001bd   Thumb Code    28  port.o(.emb_text)
    __asm___6_port_c_39a90d8d__prvEnableVFP  0x080001dd   Thumb Code    16  port.o(.emb_text)
    PendSV_Handler                           0x080001f1   Thumb Code    92  port.o(.emb_text)
    vPortGetIPSR                             0x08000251   Thumb Code     6  port.o(.emb_text)
    Reset_Handler                            0x08000259   Thumb Code     8  startup_stm32f407xx.o(.text)
    ADC_IRQHandler                           0x08000273   Thumb Code     0  startup_stm32f407xx.o(.text)
    CAN1_RX1_IRQHandler                      0x08000273   Thumb Code     0  startup_stm32f407xx.o(.text)
    CAN1_SCE_IRQHandler                      0x08000273   Thumb Code     0  startup_stm32f407xx.o(.text)
    CAN1_TX_IRQHandler                       0x08000273   Thumb Code     0  startup_stm32f407xx.o(.text)
    CAN2_RX1_IRQHandler                      0x08000273   Thumb Code     0  startup_stm32f407xx.o(.text)
    CAN2_SCE_IRQHandler                      0x08000273   Thumb Code     0  startup_stm32f407xx.o(.text)
    CAN2_TX_IRQHandler                       0x08000273   Thumb Code     0  startup_stm32f407xx.o(.text)
    DCMI_IRQHandler                          0x08000273   Thumb Code     0  startup_stm32f407xx.o(.text)
    DMA1_Stream0_IRQHandler                  0x08000273   Thumb Code     0  startup_stm32f407xx.o(.text)
    DMA1_Stream1_IRQHandler                  0x08000273   Thumb Code     0  startup_stm32f407xx.o(.text)
    DMA1_Stream2_IRQHandler                  0x08000273   Thumb Code     0  startup_stm32f407xx.o(.text)
    DMA1_Stream3_IRQHandler                  0x08000273   Thumb Code     0  startup_stm32f407xx.o(.text)
    DMA1_Stream4_IRQHandler                  0x08000273   Thumb Code     0  startup_stm32f407xx.o(.text)
    DMA1_Stream5_IRQHandler                  0x08000273   Thumb Code     0  startup_stm32f407xx.o(.text)
    DMA1_Stream6_IRQHandler                  0x08000273   Thumb Code     0  startup_stm32f407xx.o(.text)
    DMA1_Stream7_IRQHandler                  0x08000273   Thumb Code     0  startup_stm32f407xx.o(.text)
    DMA2_Stream0_IRQHandler                  0x08000273   Thumb Code     0  startup_stm32f407xx.o(.text)
    DMA2_Stream1_IRQHandler                  0x08000273   Thumb Code     0  startup_stm32f407xx.o(.text)
    DMA2_Stream2_IRQHandler                  0x08000273   Thumb Code     0  startup_stm32f407xx.o(.text)
    DMA2_Stream3_IRQHandler                  0x08000273   Thumb Code     0  startup_stm32f407xx.o(.text)
    DMA2_Stream4_IRQHandler                  0x08000273   Thumb Code     0  startup_stm32f407xx.o(.text)
    DMA2_Stream5_IRQHandler                  0x08000273   Thumb Code     0  startup_stm32f407xx.o(.text)
    DMA2_Stream6_IRQHandler                  0x08000273   Thumb Code     0  startup_stm32f407xx.o(.text)
    DMA2_Stream7_IRQHandler                  0x08000273   Thumb Code     0  startup_stm32f407xx.o(.text)
    ETH_IRQHandler                           0x08000273   Thumb Code     0  startup_stm32f407xx.o(.text)
    ETH_WKUP_IRQHandler                      0x08000273   Thumb Code     0  startup_stm32f407xx.o(.text)
    EXTI0_IRQHandler                         0x08000273   Thumb Code     0  startup_stm32f407xx.o(.text)
    EXTI15_10_IRQHandler                     0x08000273   Thumb Code     0  startup_stm32f407xx.o(.text)
    EXTI1_IRQHandler                         0x08000273   Thumb Code     0  startup_stm32f407xx.o(.text)
    EXTI2_IRQHandler                         0x08000273   Thumb Code     0  startup_stm32f407xx.o(.text)
    EXTI3_IRQHandler                         0x08000273   Thumb Code     0  startup_stm32f407xx.o(.text)
    EXTI4_IRQHandler                         0x08000273   Thumb Code     0  startup_stm32f407xx.o(.text)
    EXTI9_5_IRQHandler                       0x08000273   Thumb Code     0  startup_stm32f407xx.o(.text)
    FLASH_IRQHandler                         0x08000273   Thumb Code     0  startup_stm32f407xx.o(.text)
    FMC_IRQHandler                           0x08000273   Thumb Code     0  startup_stm32f407xx.o(.text)
    FPU_IRQHandler                           0x08000273   Thumb Code     0  startup_stm32f407xx.o(.text)
    HASH_RNG_IRQHandler                      0x08000273   Thumb Code     0  startup_stm32f407xx.o(.text)
    I2C1_ER_IRQHandler                       0x08000273   Thumb Code     0  startup_stm32f407xx.o(.text)
    I2C1_EV_IRQHandler                       0x08000273   Thumb Code     0  startup_stm32f407xx.o(.text)
    I2C2_ER_IRQHandler                       0x08000273   Thumb Code     0  startup_stm32f407xx.o(.text)
    I2C2_EV_IRQHandler                       0x08000273   Thumb Code     0  startup_stm32f407xx.o(.text)
    I2C3_ER_IRQHandler                       0x08000273   Thumb Code     0  startup_stm32f407xx.o(.text)
    I2C3_EV_IRQHandler                       0x08000273   Thumb Code     0  startup_stm32f407xx.o(.text)
    OTG_FS_IRQHandler                        0x08000273   Thumb Code     0  startup_stm32f407xx.o(.text)
    OTG_FS_WKUP_IRQHandler                   0x08000273   Thumb Code     0  startup_stm32f407xx.o(.text)
    OTG_HS_EP1_IN_IRQHandler                 0x08000273   Thumb Code     0  startup_stm32f407xx.o(.text)
    OTG_HS_EP1_OUT_IRQHandler                0x08000273   Thumb Code     0  startup_stm32f407xx.o(.text)
    OTG_HS_IRQHandler                        0x08000273   Thumb Code     0  startup_stm32f407xx.o(.text)
    OTG_HS_WKUP_IRQHandler                   0x08000273   Thumb Code     0  startup_stm32f407xx.o(.text)
    PVD_IRQHandler                           0x08000273   Thumb Code     0  startup_stm32f407xx.o(.text)
    RCC_IRQHandler                           0x08000273   Thumb Code     0  startup_stm32f407xx.o(.text)
    RTC_Alarm_IRQHandler                     0x08000273   Thumb Code     0  startup_stm32f407xx.o(.text)
    RTC_WKUP_IRQHandler                      0x08000273   Thumb Code     0  startup_stm32f407xx.o(.text)
    SDIO_IRQHandler                          0x08000273   Thumb Code     0  startup_stm32f407xx.o(.text)
    SPI1_IRQHandler                          0x08000273   Thumb Code     0  startup_stm32f407xx.o(.text)
    SPI2_IRQHandler                          0x08000273   Thumb Code     0  startup_stm32f407xx.o(.text)
    SPI3_IRQHandler                          0x08000273   Thumb Code     0  startup_stm32f407xx.o(.text)
    TAMP_STAMP_IRQHandler                    0x08000273   Thumb Code     0  startup_stm32f407xx.o(.text)
    TIM1_BRK_TIM9_IRQHandler                 0x08000273   Thumb Code     0  startup_stm32f407xx.o(.text)
    TIM1_CC_IRQHandler                       0x08000273   Thumb Code     0  startup_stm32f407xx.o(.text)
    TIM1_TRG_COM_TIM11_IRQHandler            0x08000273   Thumb Code     0  startup_stm32f407xx.o(.text)
    TIM1_UP_TIM10_IRQHandler                 0x08000273   Thumb Code     0  startup_stm32f407xx.o(.text)
    TIM2_IRQHandler                          0x08000273   Thumb Code     0  startup_stm32f407xx.o(.text)
    TIM3_IRQHandler                          0x08000273   Thumb Code     0  startup_stm32f407xx.o(.text)
    TIM4_IRQHandler                          0x08000273   Thumb Code     0  startup_stm32f407xx.o(.text)
    TIM5_IRQHandler                          0x08000273   Thumb Code     0  startup_stm32f407xx.o(.text)
    TIM6_DAC_IRQHandler                      0x08000273   Thumb Code     0  startup_stm32f407xx.o(.text)
    TIM7_IRQHandler                          0x08000273   Thumb Code     0  startup_stm32f407xx.o(.text)
    TIM8_BRK_TIM12_IRQHandler                0x08000273   Thumb Code     0  startup_stm32f407xx.o(.text)
    TIM8_CC_IRQHandler                       0x08000273   Thumb Code     0  startup_stm32f407xx.o(.text)
    TIM8_TRG_COM_TIM14_IRQHandler            0x08000273   Thumb Code     0  startup_stm32f407xx.o(.text)
    TIM8_UP_TIM13_IRQHandler                 0x08000273   Thumb Code     0  startup_stm32f407xx.o(.text)
    UART5_IRQHandler                         0x08000273   Thumb Code     0  startup_stm32f407xx.o(.text)
    USART1_IRQHandler                        0x08000273   Thumb Code     0  startup_stm32f407xx.o(.text)
    USART3_IRQHandler                        0x08000273   Thumb Code     0  startup_stm32f407xx.o(.text)
    USART6_IRQHandler                        0x08000273   Thumb Code     0  startup_stm32f407xx.o(.text)
    WWDG_IRQHandler                          0x08000273   Thumb Code     0  startup_stm32f407xx.o(.text)
    __aeabi_uldivmod                         0x0800027d   Thumb Code    98  uldiv.o(.text)
    __aeabi_memset                           0x080002df   Thumb Code    14  memseta.o(.text)
    __aeabi_memset4                          0x080002df   Thumb Code     0  memseta.o(.text)
    __aeabi_memset8                          0x080002df   Thumb Code     0  memseta.o(.text)
    __aeabi_memclr                           0x080002ed   Thumb Code     4  memseta.o(.text)
    __aeabi_memclr4                          0x080002ed   Thumb Code     0  memseta.o(.text)
    __aeabi_memclr8                          0x080002ed   Thumb Code     0  memseta.o(.text)
    _memset$wrapper                          0x080002f1   Thumb Code    18  memseta.o(.text)
    __aeabi_dadd                             0x08000303   Thumb Code   322  dadd.o(.text)
    __aeabi_dsub                             0x08000445   Thumb Code     6  dadd.o(.text)
    __aeabi_drsub                            0x0800044b   Thumb Code     6  dadd.o(.text)
    __aeabi_dmul                             0x08000451   Thumb Code   228  dmul.o(.text)
    __aeabi_i2d                              0x08000535   Thumb Code    34  dflti.o(.text)
    __aeabi_f2d                              0x08000557   Thumb Code    38  f2d.o(.text)
    __aeabi_d2f                              0x0800057d   Thumb Code    56  d2f.o(.text)
    __aeabi_llsl                             0x080005b5   Thumb Code    30  llshl.o(.text)
    _ll_shift_l                              0x080005b5   Thumb Code     0  llshl.o(.text)
    __aeabi_llsr                             0x080005d3   Thumb Code    32  llushr.o(.text)
    _ll_ushift_r                             0x080005d3   Thumb Code     0  llushr.o(.text)
    __aeabi_lasr                             0x080005f3   Thumb Code    36  llsshr.o(.text)
    _ll_sshift_r                             0x080005f3   Thumb Code     0  llsshr.o(.text)
    __I$use$fp                               0x08000617   Thumb Code     0  iusefp.o(.text)
    _float_round                             0x08000617   Thumb Code    18  fepilogue.o(.text)
    _float_epilogue                          0x08000629   Thumb Code    92  fepilogue.o(.text)
    _double_round                            0x08000685   Thumb Code    30  depilogue.o(.text)
    _double_epilogue                         0x080006a3   Thumb Code   156  depilogue.o(.text)
    __scatterload                            0x08000741   Thumb Code    28  init.o(.text)
    __scatterload_rt2                        0x08000741   Thumb Code     0  init.o(.text)
    BSP_init                                 0x08000765   Thumb Code    44  main.o(i.BSP_init)
    BusFault_Handler                         0x08000791   Thumb Code     4  stm32f4xx_it.o(i.BusFault_Handler)
    CAN1_Init                                0x08000795   Thumb Code   104  can.o(i.CAN1_Init)
    CAN1_RX0_IRQHandler                      0x08000805   Thumb Code    10  can.o(i.CAN1_RX0_IRQHandler)
    CAN2_Init                                0x08000815   Thumb Code   108  can.o(i.CAN2_Init)
    CAN2_RX0_IRQHandler                      0x08000889   Thumb Code    10  can.o(i.CAN2_RX0_IRQHandler)
    CAN_CMD_CHASSIS                          0x08000899   Thumb Code    92  can_receive.o(i.CAN_CMD_CHASSIS)
    CAN_CMD_LIFT                             0x080008f9   Thumb Code    92  can_receive.o(i.CAN_CMD_LIFT)
    CHISSIS_PID_Init                         0x08000959   Thumb Code    36  chassis_task.o(i.CHISSIS_PID_Init)
    DebugMon_Handler                         0x08000a8b   Thumb Code     2  stm32f4xx_it.o(i.DebugMon_Handler)
    GREEN_LED                                0x08000a8d   Thumb Code     6  led.o(i.GREEN_LED)
    HAL_CAN_ActivateNotification             0x08000a99   Thumb Code    44  stm32f4xx_hal_can.o(i.HAL_CAN_ActivateNotification)
    HAL_CAN_AddTxMessage                     0x08000ac5   Thumb Code   298  stm32f4xx_hal_can.o(i.HAL_CAN_AddTxMessage)
    HAL_CAN_ConfigFilter                     0x08000bf1   Thumb Code   288  stm32f4xx_hal_can.o(i.HAL_CAN_ConfigFilter)
    HAL_CAN_ErrorCallback                    0x08000d15   Thumb Code     2  stm32f4xx_hal_can.o(i.HAL_CAN_ErrorCallback)
    HAL_CAN_GetRxMessage                     0x08000d17   Thumb Code   392  stm32f4xx_hal_can.o(i.HAL_CAN_GetRxMessage)
    HAL_CAN_IRQHandler                       0x08000e9f   Thumb Code   590  stm32f4xx_hal_can.o(i.HAL_CAN_IRQHandler)
    HAL_CAN_Init                             0x080010ed   Thumb Code   374  stm32f4xx_hal_can.o(i.HAL_CAN_Init)
    HAL_CAN_MspInit                          0x08001265   Thumb Code   254  can.o(i.HAL_CAN_MspInit)
    HAL_CAN_RxFifo0FullCallback              0x08001379   Thumb Code     2  stm32f4xx_hal_can.o(i.HAL_CAN_RxFifo0FullCallback)
    HAL_CAN_RxFifo0MsgPendingCallback        0x0800137d   Thumb Code   486  can_receive.o(i.HAL_CAN_RxFifo0MsgPendingCallback)
    HAL_CAN_RxFifo1FullCallback              0x080015a9   Thumb Code     2  stm32f4xx_hal_can.o(i.HAL_CAN_RxFifo1FullCallback)
    HAL_CAN_RxFifo1MsgPendingCallback        0x080015ab   Thumb Code     2  stm32f4xx_hal_can.o(i.HAL_CAN_RxFifo1MsgPendingCallback)
    HAL_CAN_SleepCallback                    0x080015ad   Thumb Code     2  stm32f4xx_hal_can.o(i.HAL_CAN_SleepCallback)
    HAL_CAN_Start                            0x080015af   Thumb Code    96  stm32f4xx_hal_can.o(i.HAL_CAN_Start)
    HAL_CAN_TxMailbox0AbortCallback          0x0800160f   Thumb Code     2  stm32f4xx_hal_can.o(i.HAL_CAN_TxMailbox0AbortCallback)
    HAL_CAN_TxMailbox0CompleteCallback       0x08001611   Thumb Code     2  stm32f4xx_hal_can.o(i.HAL_CAN_TxMailbox0CompleteCallback)
    HAL_CAN_TxMailbox1AbortCallback          0x08001613   Thumb Code     2  stm32f4xx_hal_can.o(i.HAL_CAN_TxMailbox1AbortCallback)
    HAL_CAN_TxMailbox1CompleteCallback       0x08001615   Thumb Code     2  stm32f4xx_hal_can.o(i.HAL_CAN_TxMailbox1CompleteCallback)
    HAL_CAN_TxMailbox2AbortCallback          0x08001617   Thumb Code     2  stm32f4xx_hal_can.o(i.HAL_CAN_TxMailbox2AbortCallback)
    HAL_CAN_TxMailbox2CompleteCallback       0x08001619   Thumb Code     2  stm32f4xx_hal_can.o(i.HAL_CAN_TxMailbox2CompleteCallback)
    HAL_CAN_WakeUpFromRxMsgCallback          0x0800161b   Thumb Code     2  stm32f4xx_hal_can.o(i.HAL_CAN_WakeUpFromRxMsgCallback)
    HAL_DMA_Init                             0x0800161d   Thumb Code   232  stm32f4xx_hal_dma.o(i.HAL_DMA_Init)
    HAL_DMA_Start_IT                         0x08001709   Thumb Code   158  stm32f4xx_hal_dma.o(i.HAL_DMA_Start_IT)
    HAL_Delay                                0x080017a9   Thumb Code    36  stm32f4xx_hal.o(i.HAL_Delay)
    HAL_GPIO_Init                            0x080017d1   Thumb Code   466  stm32f4xx_hal_gpio.o(i.HAL_GPIO_Init)
    HAL_GPIO_ReadPin                         0x080019d1   Thumb Code    16  stm32f4xx_hal_gpio.o(i.HAL_GPIO_ReadPin)
    HAL_GPIO_WritePin                        0x080019e1   Thumb Code    12  stm32f4xx_hal_gpio.o(i.HAL_GPIO_WritePin)
    HAL_GetTick                              0x080019ed   Thumb Code     6  stm32f4xx_hal.o(i.HAL_GetTick)
    HAL_IncTick                              0x080019f9   Thumb Code    16  stm32f4xx_hal.o(i.HAL_IncTick)
    HAL_Init                                 0x08001a11   Thumb Code    54  stm32f4xx_hal.o(i.HAL_Init)
    HAL_InitTick                             0x08001a4d   Thumb Code    64  stm32f4xx_hal.o(i.HAL_InitTick)
    HAL_MspInit                              0x08001a99   Thumb Code     2  stm32f4xx_hal.o(i.HAL_MspInit)
    HAL_NVIC_EnableIRQ                       0x08001a9b   Thumb Code    26  stm32f4xx_hal_cortex.o(i.HAL_NVIC_EnableIRQ)
    HAL_NVIC_SetPriority                     0x08001ab5   Thumb Code   124  stm32f4xx_hal_cortex.o(i.HAL_NVIC_SetPriority)
    HAL_NVIC_SetPriorityGrouping             0x08001b31   Thumb Code    32  stm32f4xx_hal_cortex.o(i.HAL_NVIC_SetPriorityGrouping)
    HAL_RCC_ClockConfig                      0x08001b59   Thumb Code   366  stm32f4xx_hal_rcc.o(i.HAL_RCC_ClockConfig)
    HAL_RCC_GetHCLKFreq                      0x08001cd9   Thumb Code     6  stm32f4xx_hal_rcc.o(i.HAL_RCC_GetHCLKFreq)
    HAL_RCC_GetPCLK1Freq                     0x08001ce5   Thumb Code    22  stm32f4xx_hal_rcc.o(i.HAL_RCC_GetPCLK1Freq)
    HAL_RCC_GetPCLK2Freq                     0x08001d05   Thumb Code    22  stm32f4xx_hal_rcc.o(i.HAL_RCC_GetPCLK2Freq)
    HAL_RCC_GetSysClockFreq                  0x08001d25   Thumb Code   162  stm32f4xx_hal_rcc.o(i.HAL_RCC_GetSysClockFreq)
    HAL_RCC_OscConfig                        0x08001dd5   Thumb Code  1086  stm32f4xx_hal_rcc.o(i.HAL_RCC_OscConfig)
    HAL_SYSTICK_CLKSourceConfig              0x0800221d   Thumb Code    40  stm32f4xx_hal_cortex.o(i.HAL_SYSTICK_CLKSourceConfig)
    HAL_SYSTICK_Config                       0x08002245   Thumb Code    52  stm32f4xx_hal_cortex.o(i.HAL_SYSTICK_Config)
    HAL_TIM_PWM_ConfigChannel                0x08002279   Thumb Code   264  stm32f4xx_hal_tim.o(i.HAL_TIM_PWM_ConfigChannel)
    HAL_TIM_PWM_Init                         0x08002381   Thumb Code    52  stm32f4xx_hal_tim.o(i.HAL_TIM_PWM_Init)
    HAL_TIM_PWM_MspInit                      0x080023b5   Thumb Code   218  led.o(i.HAL_TIM_PWM_MspInit)
    HAL_TIM_PWM_Start                        0x080024a5   Thumb Code    68  stm32f4xx_hal_tim.o(i.HAL_TIM_PWM_Start)
    HAL_UART_ErrorCallback                   0x080024f1   Thumb Code     2  stm32f4xx_hal_uart.o(i.HAL_UART_ErrorCallback)
    HAL_UART_Init                            0x080024f3   Thumb Code   114  stm32f4xx_hal_uart.o(i.HAL_UART_Init)
    HAL_UART_MspInit                         0x08002565   Thumb Code   536  usart1.o(i.HAL_UART_MspInit)
    HAL_UART_Receive_DMA                     0x080027a1   Thumb Code   182  stm32f4xx_hal_uart.o(i.HAL_UART_Receive_DMA)
    HAL_UART_RxCpltCallback                  0x08002865   Thumb Code     2  stm32f4xx_hal_uart.o(i.HAL_UART_RxCpltCallback)
    HAL_UART_RxHalfCpltCallback              0x08002867   Thumb Code     2  stm32f4xx_hal_uart.o(i.HAL_UART_RxHalfCpltCallback)
    HardFault_Handler                        0x08002869   Thumb Code     4  stm32f4xx_it.o(i.HardFault_Handler)
    LED_Init                                 0x0800286d   Thumb Code    84  led.o(i.LED_Init)
    MemManage_Handler                        0x080028c5   Thumb Code     4  stm32f4xx_it.o(i.MemManage_Handler)
    NMI_Handler                              0x080028c9   Thumb Code     2  stm32f4xx_it.o(i.NMI_Handler)
    PID_Calc                                 0x08002905   Thumb Code   510  pid.o(i.PID_Calc)
    PID_Init                                 0x08002b09   Thumb Code    92  pid.o(i.PID_Init)
    Put_Out_Init                             0x08002b69   Thumb Code   190  put_out.o(i.Put_Out_Init)
    RED_LED                                  0x08002c31   Thumb Code     6  led.o(i.RED_LED)
    SBUS_TO_RC                               0x08002c3d   Thumb Code   326  rc.o(i.SBUS_TO_RC)
    SysTick_Handler                          0x08002d83   Thumb Code    12  stm32f4xx_it.o(i.SysTick_Handler)
    SystemClock_Config                       0x08002d91   Thumb Code   198  main.o(i.SystemClock_Config)
    SystemInit                               0x08002e71   Thumb Code    82  system_stm32f4xx.o(i.SystemInit)
    TIM4_Init                                0x08002ed5   Thumb Code    74  led.o(i.TIM4_Init)
    TIM_Base_SetConfig                       0x08002f25   Thumb Code   184  stm32f4xx_hal_tim.o(i.TIM_Base_SetConfig)
    TIM_CCxChannelCmd                        0x08003009   Thumb Code    28  stm32f4xx_hal_tim.o(i.TIM_CCxChannelCmd)
    TIM_OC2_SetConfig                        0x08003095   Thumb Code   112  stm32f4xx_hal_tim.o(i.TIM_OC2_SetConfig)
    Tof_Init                                 0x080031e5   Thumb Code    98  tof.o(i.Tof_Init)
    UART4_IRQHandler                         0x08003255   Thumb Code   240  tof.o(i.UART4_IRQHandler)
    USART1_Init                              0x08003799   Thumb Code    38  usart1.o(i.USART1_Init)
    USART2_IRQHandler                        0x080037c9   Thumb Code   180  rc.o(i.USART2_IRQHandler)
    USART2_Init                              0x0800388d   Thumb Code   100  rc.o(i.USART2_Init)
    UsageFault_Handler                       0x08003901   Thumb Code     4  stm32f4xx_it.o(i.UsageFault_Handler)
    UserTask                                 0x08003905   Thumb Code    58  user_task.o(i.UserTask)
    _Error_Handler                           0x08003945   Thumb Code     4  main.o(i._Error_Handler)
    __scatterload_copy                       0x08003949   Thumb Code    14  handlers.o(i.__scatterload_copy)
    __scatterload_null                       0x08003957   Thumb Code     2  handlers.o(i.__scatterload_null)
    __scatterload_zeroinit                   0x08003959   Thumb Code    14  handlers.o(i.__scatterload_zeroinit)
    chassis_control_loop                     0x08003969   Thumb Code  1240  chassis_task.o(i.chassis_control_loop)
    chassis_feedback_update                  0x08003e41   Thumb Code   178  chassis_task.o(i.chassis_feedback_update)
    chassis_init                             0x08003ef9   Thumb Code   210  chassis_task.o(i.chassis_init)
    chassis_task                             0x08003fe9   Thumb Code    68  chassis_task.o(i.chassis_task)
    get_GYRO_Measure_Point                   0x08004035   Thumb Code     4  can_receive.o(i.get_GYRO_Measure_Point)
    get_Motor_Measure_Point                  0x0800403d   Thumb Code    18  can_receive.o(i.get_Motor_Measure_Point)
    get_chassis_state                        0x08004055   Thumb Code     6  chassis_task.o(i.get_chassis_state)
    get_motor_measuer                        0x08004061   Thumb Code   304  can_receive.o(i.get_motor_measuer)
    get_remote_control_point                 0x08004199   Thumb Code     4  rc.o(i.get_remote_control_point)
    get_tof_Info_Measure_Point               0x080041a1   Thumb Code     4  tof.o(i.get_tof_Info_Measure_Point)
    lift_control_loop                        0x080041a9   Thumb Code   410  lift_task.o(i.lift_control_loop)
    lift_feedback_update                     0x08004361   Thumb Code   170  lift_task.o(i.lift_feedback_update)
    lift_init                                0x08004415   Thumb Code   120  lift_task.o(i.lift_init)
    lift_task                                0x080044a5   Thumb Code    82  lift_task.o(i.lift_task)
    lift_wheel_control_loop                  0x08004505   Thumb Code   272  lift_wheel.o(i.lift_wheel_control_loop)
    lift_wheel_feedback_update               0x08004629   Thumb Code    46  lift_wheel.o(i.lift_wheel_feedback_update)
    lift_wheel_init                          0x08004659   Thumb Code    80  lift_wheel.o(i.lift_wheel_init)
    main                                     0x080046b5   Thumb Code    24  main.o(i.main)
    osSystickHandler                         0x080046cd   Thumb Code    16  cmsis_os.o(i.osSystickHandler)
    pvPortMalloc                             0x08004b55   Thumb Code   296  heap_4.o(i.pvPortMalloc)
    pxPortInitialiseStack                    0x08004c91   Thumb Code    38  port.o(i.pxPortInitialiseStack)
    ramp_calc                                0x08004cbd   Thumb Code    66  ramp.o(i.ramp_calc)
    ramp_init                                0x08004d05   Thumb Code     8  ramp.o(i.ramp_init)
    startTast                                0x08004d0d   Thumb Code    24  start_task.o(i.startTast)
    start_task                               0x08004d39   Thumb Code    86  start_task.o(i.start_task)
    uxListRemove                             0x08004dd1   Thumb Code    40  list.o(i.uxListRemove)
    uxTaskGetStackHighWaterMark              0x08004df9   Thumb Code    34  tasks.o(i.uxTaskGetStackHighWaterMark)
    vListInitialise                          0x08004e21   Thumb Code    26  list.o(i.vListInitialise)
    vListInitialiseItem                      0x08004e3b   Thumb Code     6  list.o(i.vListInitialiseItem)
    vListInsert                              0x08004e41   Thumb Code    52  list.o(i.vListInsert)
    vListInsertEnd                           0x08004e75   Thumb Code    24  list.o(i.vListInsertEnd)
    vPortEnterCritical                       0x08004e8d   Thumb Code    76  port.o(i.vPortEnterCritical)
    vPortExitCritical                        0x08004ee1   Thumb Code    56  port.o(i.vPortExitCritical)
    vPortFree                                0x08004f1d   Thumb Code   140  heap_4.o(i.vPortFree)
    vPortSetupTimerInterrupt                 0x08004fb1   Thumb Code    26  port.o(i.vPortSetupTimerInterrupt)
    vPortValidateInterruptPriority           0x08004fd1   Thumb Code   106  port.o(i.vPortValidateInterruptPriority)
    vTaskDelay                               0x08005049   Thumb Code    82  tasks.o(i.vTaskDelay)
    vTaskDelete                              0x080050a5   Thumb Code   202  tasks.o(i.vTaskDelete)
    vTaskStartScheduler                      0x08005199   Thumb Code   108  tasks.o(i.vTaskStartScheduler)
    vTaskSuspendAll                          0x08005221   Thumb Code    12  tasks.o(i.vTaskSuspendAll)
    vTaskSwitchContext                       0x08005231   Thumb Code   118  tasks.o(i.vTaskSwitchContext)
    xPortStartScheduler                      0x080052bd   Thumb Code   288  port.o(i.xPortStartScheduler)
    xPortSysTickHandler                      0x080053f9   Thumb Code    46  port.o(i.xPortSysTickHandler)
    xTaskCreate                              0x0800542d   Thumb Code    96  tasks.o(i.xTaskCreate)
    xTaskGetSchedulerState                   0x0800548d   Thumb Code    24  tasks.o(i.xTaskGetSchedulerState)
    xTaskGetTickCount                        0x080054ad   Thumb Code     6  tasks.o(i.xTaskGetTickCount)
    xTaskGetTickCountFromISR                 0x080054b9   Thumb Code    16  tasks.o(i.xTaskGetTickCountFromISR)
    xTaskIncrementTick                       0x080054cd   Thumb Code   282  tasks.o(i.xTaskIncrementTick)
    xTaskResumeAll                           0x08005615   Thumb Code   224  tasks.o(i.xTaskResumeAll)
    AHBPrescTable                            0x08005720   Data          16  system_stm32f4xx.o(.constdata)
    APBPrescTable                            0x08005730   Data           8  system_stm32f4xx.o(.constdata)
    Region$$Table$$Base                      0x08005774   Number         0  anon$$obj.o(Region$$Table)
    Region$$Table$$Limit                     0x08005794   Number         0  anon$$obj.o(Region$$Table)
    uwTick                                   0x20000000   Data           4  stm32f4xx_hal.o(.data)
    uwTickPrio                               0x20000004   Data           4  stm32f4xx_hal.o(.data)
    uwTickFreq                               0x20000008   Data           1  stm32f4xx_hal.o(.data)
    SystemCoreClock                          0x2000000c   Data           4  system_stm32f4xx.o(.data)
    pxCurrentTCB                             0x20000034   Data           4  tasks.o(.data)
    UserTaskStack                            0x2000007c   Data           4  user_task.o(.data)
    ChassisTask_Handler                      0x2000008c   Data           4  start_task.o(.data)
    chassis_high_water                       0x200000cc   Data           4  chassis_task.o(.data)
    forward_back_speed                       0x200000e4   Data           4  lift_wheel.o(.data)
    left_right_speed                         0x200000e8   Data           4  lift_wheel.o(.data)
    lift_mode                                0x200000f0   Data           1  lift_task.o(.data)
    pinch_mode                               0x200000f1   Data           1  lift_task.o(.data)
    lift_high_water                          0x200000f4   Data           4  lift_task.o(.data)
    hcan1                                    0x2000a3e0   Data          40  can.o(.bss)
    hcan2                                    0x2000a408   Data          40  can.o(.bss)
    huart1                                   0x2000a430   Data          64  usart1.o(.bss)
    UART2RxDMA_Handler                       0x2000a470   Data          96  usart1.o(.bss)
    UART4RxDMA_Handler                       0x2000a4d0   Data          96  usart1.o(.bss)
    huart2                                   0x2000a530   Data          64  rc.o(.bss)
    huart4                                   0x2000a5d4   Data          64  tof.o(.bss)
    chassis_move                             0x2000a8e4   Data         912  chassis_task.o(.bss)
    lift_wheel                               0x2000ac74   Data         912  lift_task.o(.bss)
    lift_move                                0x2000b004   Data         352  lift_task.o(.bss)
    __initial_sp                             0x2000b568   Data           0  startup_stm32f407xx.o(STACK)



==============================================================================

Memory Map of the image

  Image Entry point : 0x08000189

  Load Region LR_IROM1 (Base: 0x08000000, Size: 0x00005890, Max: 0x00080000, ABSOLUTE)

    Execution Region ER_IROM1 (Exec base: 0x08000000, Load base: 0x08000000, Size: 0x00005794, Max: 0x00080000, ABSOLUTE)

    Exec Addr    Load Addr    Size         Type   Attr      Idx    E Section Name        Object

    0x08000000   0x08000000   0x00000188   Data   RO            3    RESET               startup_stm32f407xx.o
    0x08000188   0x08000188   0x00000000   Code   RO         6008  * .ARM.Collect$$$$00000000  mc_w.l(entry.o)
    0x08000188   0x08000188   0x00000004   Code   RO         6029    .ARM.Collect$$$$00000001  mc_w.l(entry2.o)
    0x0800018c   0x0800018c   0x00000004   Code   RO         6032    .ARM.Collect$$$$00000004  mc_w.l(entry5.o)
    0x08000190   0x08000190   0x00000000   Code   RO         6034    .ARM.Collect$$$$00000008  mc_w.l(entry7b.o)
    0x08000190   0x08000190   0x00000000   Code   RO         6036    .ARM.Collect$$$$0000000A  mc_w.l(entry8b.o)
    0x08000190   0x08000190   0x00000008   Code   RO         6037    .ARM.Collect$$$$0000000B  mc_w.l(entry9a.o)
    0x08000198   0x08000198   0x00000000   Code   RO         6039    .ARM.Collect$$$$0000000D  mc_w.l(entry10a.o)
    0x08000198   0x08000198   0x00000000   Code   RO         6041    .ARM.Collect$$$$0000000F  mc_w.l(entry11a.o)
    0x08000198   0x08000198   0x00000004   Code   RO         6030    .ARM.Collect$$$$00002712  mc_w.l(entry2.o)
    0x0800019c   0x0800019c   0x000000ba   Code   RO         4735    .emb_text           port.o
    0x08000256   0x08000256   0x00000002   PAD
    0x08000258   0x08000258   0x00000024   Code   RO            4    .text               startup_stm32f407xx.o
    0x0800027c   0x0800027c   0x00000062   Code   RO         6011    .text               mc_w.l(uldiv.o)
    0x080002de   0x080002de   0x00000024   Code   RO         6015    .text               mc_w.l(memseta.o)
    0x08000302   0x08000302   0x0000014e   Code   RO         6019    .text               mf_w.l(dadd.o)
    0x08000450   0x08000450   0x000000e4   Code   RO         6021    .text               mf_w.l(dmul.o)
    0x08000534   0x08000534   0x00000022   Code   RO         6023    .text               mf_w.l(dflti.o)
    0x08000556   0x08000556   0x00000026   Code   RO         6025    .text               mf_w.l(f2d.o)
    0x0800057c   0x0800057c   0x00000038   Code   RO         6027    .text               mf_w.l(d2f.o)
    0x080005b4   0x080005b4   0x0000001e   Code   RO         6043    .text               mc_w.l(llshl.o)
    0x080005d2   0x080005d2   0x00000020   Code   RO         6045    .text               mc_w.l(llushr.o)
    0x080005f2   0x080005f2   0x00000024   Code   RO         6047    .text               mc_w.l(llsshr.o)
    0x08000616   0x08000616   0x00000000   Code   RO         6049    .text               mc_w.l(iusefp.o)
    0x08000616   0x08000616   0x0000006e   Code   RO         6050    .text               mf_w.l(fepilogue.o)
    0x08000684   0x08000684   0x000000ba   Code   RO         6052    .text               mf_w.l(depilogue.o)
    0x0800073e   0x0800073e   0x00000002   PAD
    0x08000740   0x08000740   0x00000024   Code   RO         6054    .text               mc_w.l(init.o)
    0x08000764   0x08000764   0x0000002c   Code   RO         5154    i.BSP_init          main.o
    0x08000790   0x08000790   0x00000004   Code   RO         5232    i.BusFault_Handler  stm32f4xx_it.o
    0x08000794   0x08000794   0x00000070   Code   RO         5361    i.CAN1_Init         can.o
    0x08000804   0x08000804   0x00000010   Code   RO         5362    i.CAN1_RX0_IRQHandler  can.o
    0x08000814   0x08000814   0x00000074   Code   RO         5363    i.CAN2_Init         can.o
    0x08000888   0x08000888   0x00000010   Code   RO         5364    i.CAN2_RX0_IRQHandler  can.o
    0x08000898   0x08000898   0x00000060   Code   RO         5668    i.CAN_CMD_CHASSIS   can_receive.o
    0x080008f8   0x080008f8   0x00000060   Code   RO         5670    i.CAN_CMD_LIFT      can_receive.o
    0x08000958   0x08000958   0x00000028   Code   RO         5771    i.CHISSIS_PID_Init  chassis_task.o
    0x08000980   0x08000980   0x00000034   Code   RO         1578    i.DMA_CalcBaseAndBitshift  stm32f4xx_hal_dma.o
    0x080009b4   0x080009b4   0x000000aa   Code   RO         1579    i.DMA_CheckFifoParam  stm32f4xx_hal_dma.o
    0x08000a5e   0x08000a5e   0x0000002c   Code   RO         1580    i.DMA_SetConfig     stm32f4xx_hal_dma.o
    0x08000a8a   0x08000a8a   0x00000002   Code   RO         5233    i.DebugMon_Handler  stm32f4xx_it.o
    0x08000a8c   0x08000a8c   0x0000000c   Code   RO         5313    i.GREEN_LED         led.o
    0x08000a98   0x08000a98   0x0000002c   Code   RO         1739    i.HAL_CAN_ActivateNotification  stm32f4xx_hal_can.o
    0x08000ac4   0x08000ac4   0x0000012a   Code   RO         1740    i.HAL_CAN_AddTxMessage  stm32f4xx_hal_can.o
    0x08000bee   0x08000bee   0x00000002   PAD
    0x08000bf0   0x08000bf0   0x00000124   Code   RO         1741    i.HAL_CAN_ConfigFilter  stm32f4xx_hal_can.o
    0x08000d14   0x08000d14   0x00000002   Code   RO         1744    i.HAL_CAN_ErrorCallback  stm32f4xx_hal_can.o
    0x08000d16   0x08000d16   0x00000188   Code   RO         1747    i.HAL_CAN_GetRxMessage  stm32f4xx_hal_can.o
    0x08000e9e   0x08000e9e   0x0000024e   Code   RO         1751    i.HAL_CAN_IRQHandler  stm32f4xx_hal_can.o
    0x080010ec   0x080010ec   0x00000176   Code   RO         1752    i.HAL_CAN_Init      stm32f4xx_hal_can.o
    0x08001262   0x08001262   0x00000002   PAD
    0x08001264   0x08001264   0x00000114   Code   RO         5365    i.HAL_CAN_MspInit   can.o
    0x08001378   0x08001378   0x00000002   Code   RO         1759    i.HAL_CAN_RxFifo0FullCallback  stm32f4xx_hal_can.o
    0x0800137a   0x0800137a   0x00000002   PAD
    0x0800137c   0x0800137c   0x0000022c   Code   RO         5671    i.HAL_CAN_RxFifo0MsgPendingCallback  can_receive.o
    0x080015a8   0x080015a8   0x00000002   Code   RO         1761    i.HAL_CAN_RxFifo1FullCallback  stm32f4xx_hal_can.o
    0x080015aa   0x080015aa   0x00000002   Code   RO         1762    i.HAL_CAN_RxFifo1MsgPendingCallback  stm32f4xx_hal_can.o
    0x080015ac   0x080015ac   0x00000002   Code   RO         1763    i.HAL_CAN_SleepCallback  stm32f4xx_hal_can.o
    0x080015ae   0x080015ae   0x00000060   Code   RO         1764    i.HAL_CAN_Start     stm32f4xx_hal_can.o
    0x0800160e   0x0800160e   0x00000002   Code   RO         1766    i.HAL_CAN_TxMailbox0AbortCallback  stm32f4xx_hal_can.o
    0x08001610   0x08001610   0x00000002   Code   RO         1767    i.HAL_CAN_TxMailbox0CompleteCallback  stm32f4xx_hal_can.o
    0x08001612   0x08001612   0x00000002   Code   RO         1768    i.HAL_CAN_TxMailbox1AbortCallback  stm32f4xx_hal_can.o
    0x08001614   0x08001614   0x00000002   Code   RO         1769    i.HAL_CAN_TxMailbox1CompleteCallback  stm32f4xx_hal_can.o
    0x08001616   0x08001616   0x00000002   Code   RO         1770    i.HAL_CAN_TxMailbox2AbortCallback  stm32f4xx_hal_can.o
    0x08001618   0x08001618   0x00000002   Code   RO         1771    i.HAL_CAN_TxMailbox2CompleteCallback  stm32f4xx_hal_can.o
    0x0800161a   0x0800161a   0x00000002   Code   RO         1773    i.HAL_CAN_WakeUpFromRxMsgCallback  stm32f4xx_hal_can.o
    0x0800161c   0x0800161c   0x000000ec   Code   RO         1587    i.HAL_DMA_Init      stm32f4xx_hal_dma.o
    0x08001708   0x08001708   0x0000009e   Code   RO         1591    i.HAL_DMA_Start_IT  stm32f4xx_hal_dma.o
    0x080017a6   0x080017a6   0x00000002   PAD
    0x080017a8   0x080017a8   0x00000028   Code   RO           20    i.HAL_Delay         stm32f4xx_hal.o
    0x080017d0   0x080017d0   0x00000200   Code   RO         3901    i.HAL_GPIO_Init     stm32f4xx_hal_gpio.o
    0x080019d0   0x080019d0   0x00000010   Code   RO         3903    i.HAL_GPIO_ReadPin  stm32f4xx_hal_gpio.o
    0x080019e0   0x080019e0   0x0000000c   Code   RO         3905    i.HAL_GPIO_WritePin  stm32f4xx_hal_gpio.o
    0x080019ec   0x080019ec   0x0000000c   Code   RO           26    i.HAL_GetTick       stm32f4xx_hal.o
    0x080019f8   0x080019f8   0x00000018   Code   RO           30    i.HAL_IncTick       stm32f4xx_hal.o
    0x08001a10   0x08001a10   0x0000003c   Code   RO           31    i.HAL_Init          stm32f4xx_hal.o
    0x08001a4c   0x08001a4c   0x0000004c   Code   RO           32    i.HAL_InitTick      stm32f4xx_hal.o
    0x08001a98   0x08001a98   0x00000002   Code   RO           34    i.HAL_MspInit       stm32f4xx_hal.o
    0x08001a9a   0x08001a9a   0x0000001a   Code   RO         1443    i.HAL_NVIC_EnableIRQ  stm32f4xx_hal_cortex.o
    0x08001ab4   0x08001ab4   0x0000007c   Code   RO         1449    i.HAL_NVIC_SetPriority  stm32f4xx_hal_cortex.o
    0x08001b30   0x08001b30   0x00000028   Code   RO         1450    i.HAL_NVIC_SetPriorityGrouping  stm32f4xx_hal_cortex.o
    0x08001b58   0x08001b58   0x00000180   Code   RO          402    i.HAL_RCC_ClockConfig  stm32f4xx_hal_rcc.o
    0x08001cd8   0x08001cd8   0x0000000c   Code   RO          407    i.HAL_RCC_GetHCLKFreq  stm32f4xx_hal_rcc.o
    0x08001ce4   0x08001ce4   0x00000020   Code   RO          409    i.HAL_RCC_GetPCLK1Freq  stm32f4xx_hal_rcc.o
    0x08001d04   0x08001d04   0x00000020   Code   RO          410    i.HAL_RCC_GetPCLK2Freq  stm32f4xx_hal_rcc.o
    0x08001d24   0x08001d24   0x000000b0   Code   RO          411    i.HAL_RCC_GetSysClockFreq  stm32f4xx_hal_rcc.o
    0x08001dd4   0x08001dd4   0x00000448   Code   RO          414    i.HAL_RCC_OscConfig  stm32f4xx_hal_rcc.o
    0x0800221c   0x0800221c   0x00000028   Code   RO         1452    i.HAL_SYSTICK_CLKSourceConfig  stm32f4xx_hal_cortex.o
    0x08002244   0x08002244   0x00000034   Code   RO         1454    i.HAL_SYSTICK_Config  stm32f4xx_hal_cortex.o
    0x08002278   0x08002278   0x00000108   Code   RO          589    i.HAL_TIM_PWM_ConfigChannel  stm32f4xx_hal_tim.o
    0x08002380   0x08002380   0x00000034   Code   RO          592    i.HAL_TIM_PWM_Init  stm32f4xx_hal_tim.o
    0x080023b4   0x080023b4   0x000000f0   Code   RO         5314    i.HAL_TIM_PWM_MspInit  led.o
    0x080024a4   0x080024a4   0x0000004c   Code   RO          596    i.HAL_TIM_PWM_Start  stm32f4xx_hal_tim.o
    0x080024f0   0x080024f0   0x00000002   Code   RO         3112    i.HAL_UART_ErrorCallback  stm32f4xx_hal_uart.o
    0x080024f2   0x080024f2   0x00000072   Code   RO         3116    i.HAL_UART_Init     stm32f4xx_hal_uart.o
    0x08002564   0x08002564   0x0000023c   Code   RO         5415    i.HAL_UART_MspInit  usart1.o
    0x080027a0   0x080027a0   0x000000c4   Code   RO         3120    i.HAL_UART_Receive_DMA  stm32f4xx_hal_uart.o
    0x08002864   0x08002864   0x00000002   Code   RO         3122    i.HAL_UART_RxCpltCallback  stm32f4xx_hal_uart.o
    0x08002866   0x08002866   0x00000002   Code   RO         3123    i.HAL_UART_RxHalfCpltCallback  stm32f4xx_hal_uart.o
    0x08002868   0x08002868   0x00000004   Code   RO         5234    i.HardFault_Handler  stm32f4xx_it.o
    0x0800286c   0x0800286c   0x00000058   Code   RO         5315    i.LED_Init          led.o
    0x080028c4   0x080028c4   0x00000004   Code   RO         5235    i.MemManage_Handler  stm32f4xx_it.o
    0x080028c8   0x080028c8   0x00000002   Code   RO         5236    i.NMI_Handler       stm32f4xx_it.o
    0x080028ca   0x080028ca   0x00000002   PAD
    0x080028cc   0x080028cc   0x00000010   Code   RO         1456    i.NVIC_GetPriorityGrouping  stm32f4xx_hal_cortex.o
    0x080028dc   0x080028dc   0x00000028   Code   RO         1457    i.NVIC_SetPriority  stm32f4xx_hal_cortex.o
    0x08002904   0x08002904   0x00000204   Code   RO         5731    i.PID_Calc          pid.o
    0x08002b08   0x08002b08   0x00000060   Code   RO         5732    i.PID_Init          pid.o
    0x08002b68   0x08002b68   0x000000c8   Code   RO         5530    i.Put_Out_Init      put_out.o
    0x08002c30   0x08002c30   0x0000000c   Code   RO         5316    i.RED_LED           led.o
    0x08002c3c   0x08002c3c   0x00000146   Code   RO         5474    i.SBUS_TO_RC        rc.o
    0x08002d82   0x08002d82   0x0000000c   Code   RO         5237    i.SysTick_Handler   stm32f4xx_it.o
    0x08002d8e   0x08002d8e   0x00000002   PAD
    0x08002d90   0x08002d90   0x000000e0   Code   RO         5155    i.SystemClock_Config  main.o
    0x08002e70   0x08002e70   0x00000064   Code   RO         3965    i.SystemInit        system_stm32f4xx.o
    0x08002ed4   0x08002ed4   0x00000050   Code   RO         5317    i.TIM4_Init         led.o
    0x08002f24   0x08002f24   0x000000e4   Code   RO          607    i.TIM_Base_SetConfig  stm32f4xx_hal_tim.o
    0x08003008   0x08003008   0x0000001c   Code   RO          608    i.TIM_CCxChannelCmd  stm32f4xx_hal_tim.o
    0x08003024   0x08003024   0x00000070   Code   RO          616    i.TIM_OC1_SetConfig  stm32f4xx_hal_tim.o
    0x08003094   0x08003094   0x00000078   Code   RO          617    i.TIM_OC2_SetConfig  stm32f4xx_hal_tim.o
    0x0800310c   0x0800310c   0x00000078   Code   RO          618    i.TIM_OC3_SetConfig  stm32f4xx_hal_tim.o
    0x08003184   0x08003184   0x00000060   Code   RO          619    i.TIM_OC4_SetConfig  stm32f4xx_hal_tim.o
    0x080031e4   0x080031e4   0x00000070   Code   RO         5554    i.Tof_Init          tof.o
    0x08003254   0x08003254   0x00000104   Code   RO         5555    i.UART4_IRQHandler  tof.o
    0x08003358   0x08003358   0x00000050   Code   RO         3130    i.UART_DMAError     stm32f4xx_hal_uart.o
    0x080033a8   0x080033a8   0x00000046   Code   RO         3131    i.UART_DMAReceiveCplt  stm32f4xx_hal_uart.o
    0x080033ee   0x080033ee   0x0000000e   Code   RO         3133    i.UART_DMARxHalfCplt  stm32f4xx_hal_uart.o
    0x080033fc   0x080033fc   0x00000020   Code   RO         3139    i.UART_EndRxTransfer  stm32f4xx_hal_uart.o
    0x0800341c   0x0800341c   0x00000014   Code   RO         3141    i.UART_EndTxTransfer  stm32f4xx_hal_uart.o
    0x08003430   0x08003430   0x00000368   Code   RO         3143    i.UART_SetConfig    stm32f4xx_hal_uart.o
    0x08003798   0x08003798   0x00000030   Code   RO         5417    i.USART1_Init       usart1.o
    0x080037c8   0x080037c8   0x000000c4   Code   RO         5475    i.USART2_IRQHandler  rc.o
    0x0800388c   0x0800388c   0x00000074   Code   RO         5476    i.USART2_Init       rc.o
    0x08003900   0x08003900   0x00000004   Code   RO         5238    i.UsageFault_Handler  stm32f4xx_it.o
    0x08003904   0x08003904   0x00000040   Code   RO         5598    i.UserTask          user_task.o
    0x08003944   0x08003944   0x00000004   Code   RO         5156    i._Error_Handler    main.o
    0x08003948   0x08003948   0x0000000e   Code   RO         6058    i.__scatterload_copy  mc_w.l(handlers.o)
    0x08003956   0x08003956   0x00000002   Code   RO         6059    i.__scatterload_null  mc_w.l(handlers.o)
    0x08003958   0x08003958   0x0000000e   Code   RO         6060    i.__scatterload_zeroinit  mc_w.l(handlers.o)
    0x08003966   0x08003966   0x00000002   PAD
    0x08003968   0x08003968   0x000004d8   Code   RO         5772    i.chassis_control_loop  chassis_task.o
    0x08003e40   0x08003e40   0x000000b8   Code   RO         5773    i.chassis_feedback_update  chassis_task.o
    0x08003ef8   0x08003ef8   0x000000f0   Code   RO         5774    i.chassis_init      chassis_task.o
    0x08003fe8   0x08003fe8   0x0000004c   Code   RO         5775    i.chassis_task      chassis_task.o
    0x08004034   0x08004034   0x00000008   Code   RO         5672    i.get_GYRO_Measure_Point  can_receive.o
    0x0800403c   0x0800403c   0x00000018   Code   RO         5673    i.get_Motor_Measure_Point  can_receive.o
    0x08004054   0x08004054   0x0000000c   Code   RO         5776    i.get_chassis_state  chassis_task.o
    0x08004060   0x08004060   0x00000138   Code   RO         5674    i.get_motor_measuer  can_receive.o
    0x08004198   0x08004198   0x00000008   Code   RO         5477    i.get_remote_control_point  rc.o
    0x080041a0   0x080041a0   0x00000008   Code   RO         5556    i.get_tof_Info_Measure_Point  tof.o
    0x080041a8   0x080041a8   0x000001b8   Code   RO         5911    i.lift_control_loop  lift_task.o
    0x08004360   0x08004360   0x000000b4   Code   RO         5912    i.lift_feedback_update  lift_task.o
    0x08004414   0x08004414   0x00000090   Code   RO         5913    i.lift_init         lift_task.o
    0x080044a4   0x080044a4   0x00000060   Code   RO         5914    i.lift_task         lift_task.o
    0x08004504   0x08004504   0x00000124   Code   RO         5867    i.lift_wheel_control_loop  lift_wheel.o
    0x08004628   0x08004628   0x0000002e   Code   RO         5868    i.lift_wheel_feedback_update  lift_wheel.o
    0x08004656   0x08004656   0x00000002   PAD
    0x08004658   0x08004658   0x0000005c   Code   RO         5869    i.lift_wheel_init   lift_wheel.o
    0x080046b4   0x080046b4   0x00000018   Code   RO         5157    i.main              main.o
    0x080046cc   0x080046cc   0x00000010   Code   RO         4321    i.osSystickHandler  cmsis_os.o
    0x080046dc   0x080046dc   0x00000098   Code   RO         4813    i.prvAddCurrentTaskToDelayedList  tasks.o
    0x08004774   0x08004774   0x000000b4   Code   RO         4814    i.prvAddNewTaskToReadyList  tasks.o
    0x08004828   0x08004828   0x00000064   Code   RO         4815    i.prvCheckTasksWaitingTermination  tasks.o
    0x0800488c   0x0800488c   0x00000012   Code   RO         4816    i.prvDeleteTCB      tasks.o
    0x0800489e   0x0800489e   0x00000002   PAD
    0x080048a0   0x080048a0   0x0000007c   Code   RO         4674    i.prvHeapInit       heap_4.o
    0x0800491c   0x0800491c   0x00000028   Code   RO         4817    i.prvIdleTask       tasks.o
    0x08004944   0x08004944   0x000000b4   Code   RO         4818    i.prvInitialiseNewTask  tasks.o
    0x080049f8   0x080049f8   0x00000068   Code   RO         4819    i.prvInitialiseTaskLists  tasks.o
    0x08004a60   0x08004a60   0x00000068   Code   RO         4675    i.prvInsertBlockIntoFreeList  heap_4.o
    0x08004ac8   0x08004ac8   0x00000034   Code   RO         4820    i.prvResetNextTaskUnblockTime  tasks.o
    0x08004afc   0x08004afc   0x00000016   Code   RO         4821    i.prvTaskCheckFreeStackSpace  tasks.o
    0x08004b12   0x08004b12   0x00000002   PAD
    0x08004b14   0x08004b14   0x00000040   Code   RO         4736    i.prvTaskExitError  port.o
    0x08004b54   0x08004b54   0x0000013c   Code   RO         4676    i.pvPortMalloc      heap_4.o
    0x08004c90   0x08004c90   0x0000002c   Code   RO         4737    i.pxPortInitialiseStack  port.o
    0x08004cbc   0x08004cbc   0x00000048   Code   RO         5837    i.ramp_calc         ramp.o
    0x08004d04   0x08004d04   0x00000008   Code   RO         5838    i.ramp_init         ramp.o
    0x08004d0c   0x08004d0c   0x0000002c   Code   RO         5628    i.startTast         start_task.o
    0x08004d38   0x08004d38   0x00000098   Code   RO         5629    i.start_task        start_task.o
    0x08004dd0   0x08004dd0   0x00000028   Code   RO         5115    i.uxListRemove      list.o
    0x08004df8   0x08004df8   0x00000028   Code   RO         4826    i.uxTaskGetStackHighWaterMark  tasks.o
    0x08004e20   0x08004e20   0x0000001a   Code   RO         5116    i.vListInitialise   list.o
    0x08004e3a   0x08004e3a   0x00000006   Code   RO         5117    i.vListInitialiseItem  list.o
    0x08004e40   0x08004e40   0x00000034   Code   RO         5118    i.vListInsert       list.o
    0x08004e74   0x08004e74   0x00000018   Code   RO         5119    i.vListInsertEnd    list.o
    0x08004e8c   0x08004e8c   0x00000054   Code   RO         4739    i.vPortEnterCritical  port.o
    0x08004ee0   0x08004ee0   0x0000003c   Code   RO         4740    i.vPortExitCritical  port.o
    0x08004f1c   0x08004f1c   0x00000094   Code   RO         4677    i.vPortFree         heap_4.o
    0x08004fb0   0x08004fb0   0x00000020   Code   RO         4741    i.vPortSetupTimerInterrupt  port.o
    0x08004fd0   0x08004fd0   0x00000078   Code   RO         4742    i.vPortValidateInterruptPriority  port.o
    0x08005048   0x08005048   0x0000005c   Code   RO         4830    i.vTaskDelay        tasks.o
    0x080050a4   0x080050a4   0x000000f4   Code   RO         4832    i.vTaskDelete       tasks.o
    0x08005198   0x08005198   0x00000088   Code   RO         4842    i.vTaskStartScheduler  tasks.o
    0x08005220   0x08005220   0x00000010   Code   RO         4844    i.vTaskSuspendAll   tasks.o
    0x08005230   0x08005230   0x0000008c   Code   RO         4845    i.vTaskSwitchContext  tasks.o
    0x080052bc   0x080052bc   0x0000013c   Code   RO         4743    i.xPortStartScheduler  port.o
    0x080053f8   0x080053f8   0x00000034   Code   RO         4744    i.xPortSysTickHandler  port.o
    0x0800542c   0x0800542c   0x00000060   Code   RO         4847    i.xTaskCreate       tasks.o
    0x0800548c   0x0800548c   0x00000020   Code   RO         4851    i.xTaskGetSchedulerState  tasks.o
    0x080054ac   0x080054ac   0x0000000c   Code   RO         4852    i.xTaskGetTickCount  tasks.o
    0x080054b8   0x080054b8   0x00000014   Code   RO         4853    i.xTaskGetTickCountFromISR  tasks.o
    0x080054cc   0x080054cc   0x00000148   Code   RO         4854    i.xTaskIncrementTick  tasks.o
    0x08005614   0x08005614   0x00000104   Code   RO         4860    i.xTaskResumeAll    tasks.o
    0x08005718   0x08005718   0x00000008   Data   RO         1593    .constdata          stm32f4xx_hal_dma.o
    0x08005720   0x08005720   0x00000018   Data   RO         3966    .constdata          system_stm32f4xx.o
    0x08005738   0x08005738   0x00000018   Data   RO         5778    .constdata          chassis_task.o
    0x08005750   0x08005750   0x0000000c   Data   RO         5870    .constdata          lift_wheel.o
    0x0800575c   0x0800575c   0x00000018   Data   RO         5916    .constdata          lift_task.o
    0x08005774   0x08005774   0x00000020   Data   RO         6056    Region$$Table       anon$$obj.o


    Execution Region RW_IRAM1 (Exec base: 0x20000000, Load base: 0x08005794, Size: 0x0000b568, Max: 0x00020000, ABSOLUTE)

    Exec Addr    Load Addr    Size         Type   Attr      Idx    E Section Name        Object

    0x20000000   0x08005794   0x00000009   Data   RW           38    .data               stm32f4xx_hal.o
    0x20000009   0x0800579d   0x00000003   PAD
    0x2000000c   0x080057a0   0x00000004   Data   RW         3967    .data               system_stm32f4xx.o
    0x20000010   0x080057a4   0x00000018   Data   RW         4682    .data               heap_4.o
    0x20000028   0x080057bc   0x0000000c   Data   RW         4745    .data               port.o
    0x20000034   0x080057c8   0x0000003c   Data   RW         4863    .data               tasks.o
    0x20000070   0x08005804   0x0000000c   Data   RW         5558    .data               tof.o
    0x2000007c   0x08005810   0x00000004   Data   RW         5599    .data               user_task.o
    0x20000080   0x08005814   0x00000010   Data   RW         5630    .data               start_task.o
    0x20000090   0x08005824   0x00000010   Data   RW         5676    .data               can_receive.o
    0x200000a0   0x08005834   0x00000030   Data   RW         5779    .data               chassis_task.o
    0x200000d0   0x08005864   0x00000020   Data   RW         5871    .data               lift_wheel.o
    0x200000f0   0x08005884   0x0000000c   Data   RW         5917    .data               lift_task.o
    0x200000fc        -       0x0000a000   Zero   RW         4681    .bss                heap_4.o
    0x2000a0fc        -       0x000002e4   Zero   RW         4862    .bss                tasks.o
    0x2000a3e0        -       0x00000050   Zero   RW         5366    .bss                can.o
    0x2000a430        -       0x00000100   Zero   RW         5420    .bss                usart1.o
    0x2000a530        -       0x000000a2   Zero   RW         5478    .bss                rc.o
    0x2000a5d2   0x08005890   0x00000002   PAD
    0x2000a5d4        -       0x000000c0   Zero   RW         5557    .bss                tof.o
    0x2000a694        -       0x00000250   Zero   RW         5675    .bss                can_receive.o
    0x2000a8e4        -       0x00000390   Zero   RW         5777    .bss                chassis_task.o
    0x2000ac74        -       0x000004f0   Zero   RW         5915    .bss                lift_task.o
    0x2000b164   0x08005890   0x00000004   PAD
    0x2000b168        -       0x00000400   Zero   RW            1    STACK               startup_stm32f407xx.o


==============================================================================

Image component sizes


      Code (inc. data)   RO Data    RW Data    ZI Data      Debug   Object Name

       536         50          0          0         80       3344   can.o
      1092        104          0         16        592       5108   can_receive.o
      1792        110         24         48        912       7874   chassis_task.o
        16          0          0          0          0        551   cmsis_os.o
       692         62          0         24      40960       7171   heap_4.o
       432         44          0          0          0       3103   led.o
       860         78         24         12       1264       3719   lift_task.o
       430         32         12         32          0       2755   lift_wheel.o
       148          0          0          0          0       3422   list.o
       296         26          0          0          0       4732   main.o
       612         10          0          0          0       1866   pid.o
       958         92          0         12          0      11701   port.o
       200         10          0          0          0       1039   put_out.o
         0          0          0          0          0      11588   queue.o
        80          6          0          0          0       1328   ramp.o
       646         36          0          0        162       4048   rc.o
       196         86          0         16          0       4446   start_task.o
        36          8        392          0       1024        812   startup_stm32f407xx.o
       214         36          0          9          0     691427   stm32f4xx_hal.o
      2110          4          0          0          0      13615   stm32f4xx_hal_can.o
       338         22          0          0          0      31321   stm32f4xx_hal_cortex.o
       660         10          8          0          0       4290   stm32f4xx_hal_dma.o
       540         46          0          0          0       2891   stm32f4xx_hal_gpio.o
      1732         84          0          0          0       5372   stm32f4xx_hal_rcc.o
      1096         88          0          0          0       6868   stm32f4xx_hal_tim.o
      1404         22          0          0          0       7152   stm32f4xx_hal_uart.o
        32          0          0          0          0       3055   stm32f4xx_it.o
       100         18         24          4          0       1083   system_stm32f4xx.o
      2264        336          0         60        740      19237   tasks.o
         0          0          0          0          0       7976   timers.o
       380         38          0         12        192       2469   tof.o
       620         46          0          0        256       3476   usart1.o
        64          6          0          4          0        723   user_task.o

    ----------------------------------------------------------------------
     20596       1510        516        252      46188     879562   Object Totals
         0          0         32          0          0          0   (incl. Generated)
        20          0          0          3          6          0   (incl. Padding)

    ----------------------------------------------------------------------

      Code (inc. data)   RO Data    RW Data    ZI Data      Debug   Library Member Name

         0          0          0          0          0          0   entry.o
         0          0          0          0          0          0   entry10a.o
         0          0          0          0          0          0   entry11a.o
         8          4          0          0          0          0   entry2.o
         4          0          0          0          0          0   entry5.o
         0          0          0          0          0          0   entry7b.o
         0          0          0          0          0          0   entry8b.o
         8          4          0          0          0          0   entry9a.o
        30          0          0          0          0          0   handlers.o
        36          8          0          0          0         68   init.o
         0          0          0          0          0          0   iusefp.o
        30          0          0          0          0         68   llshl.o
        36          0          0          0          0         68   llsshr.o
        32          0          0          0          0         68   llushr.o
        36          0          0          0          0        108   memseta.o
        98          0          0          0          0         92   uldiv.o
        56          0          0          0          0         88   d2f.o
       334          0          0          0          0        148   dadd.o
       186          0          0          0          0        176   depilogue.o
        34          0          0          0          0         76   dflti.o
       228          0          0          0          0         96   dmul.o
        38          0          0          0          0         68   f2d.o
       110          0          0          0          0        168   fepilogue.o

    ----------------------------------------------------------------------
      1308         16          0          0          0       1292   Library Totals
         4          0          0          0          0          0   (incl. Padding)

    ----------------------------------------------------------------------

      Code (inc. data)   RO Data    RW Data    ZI Data      Debug   Library Name

       318         16          0          0          0        472   mc_w.l
       986          0          0          0          0        820   mf_w.l

    ----------------------------------------------------------------------
      1308         16          0          0          0       1292   Library Totals

    ----------------------------------------------------------------------

==============================================================================


      Code (inc. data)   RO Data    RW Data    ZI Data      Debug   

     21904       1526        516        252      46188     865238   Grand Totals
     21904       1526        516        252      46188     865238   ELF Image Totals
     21904       1526        516        252          0          0   ROM Totals

==============================================================================

    Total RO  Size (Code + RO Data)                22420 (  21.89kB)
    Total RW  Size (RW Data + ZI Data)             46440 (  45.35kB)
    Total ROM Size (Code + RO Data + RW Data)      22672 (  22.14kB)

==============================================================================

